{
  "$$mdtype": "Node",
  "errors": [],
  "lines": [],
  "inline": false,
  "attributes": {
    "frontmatter": "title: Region shortcodes"
  },
  "children": [
    {
      "$$mdtype": "Node",
      "errors": [],
      "lines": [
        4,
        5
      ],
      "inline": false,
      "attributes": {
        "level": 2
      },
      "children": [
        {
          "$$mdtype": "Node",
          "errors": [],
          "lines": [
            4,
            5
          ],
          "inline": false,
          "attributes": {},
          "children": [
            {
              "$$mdtype": "Node",
              "errors": [],
              "lines": [
                4,
                5
              ],
              "inline": true,
              "attributes": {
                "content": "region-param"
              },
              "children": [],
              "type": "code",
              "annotations": [],
              "slots": {},
              "location": {
                "start": {
                  "line": 4
                },
                "end": {
                  "line": 5
                }
              }
            },
            {
              "$$mdtype": "Node",
              "errors": [],
              "lines": [
                4,
                5
              ],
              "inline": true,
              "attributes": {
                "content": " shortcode"
              },
              "children": [],
              "type": "text",
              "annotations": [],
              "slots": {},
              "location": {
                "start": {
                  "line": 4
                },
                "end": {
                  "line": 5
                }
              }
            }
          ],
          "type": "inline",
          "annotations": [],
          "slots": {},
          "location": {
            "start": {
              "line": 4
            },
            "end": {
              "line": 5
            }
          }
        }
      ],
      "type": "heading",
      "annotations": [],
      "slots": {},
      "location": {
        "start": {
          "line": 4
        },
        "end": {
          "line": 5
        }
      }
    },
    {
      "$$mdtype": "Node",
      "errors": [],
      "lines": [
        6,
        7
      ],
      "inline": false,
      "attributes": {
        "level": 3
      },
      "children": [
        {
          "$$mdtype": "Node",
          "errors": [],
          "lines": [
            6,
            7
          ],
          "inline": false,
          "attributes": {},
          "children": [
            {
              "$$mdtype": "Node",
              "errors": [],
              "lines": [
                6,
                7
              ],
              "inline": true,
              "attributes": {
                "content": "Body copy"
              },
              "children": [],
              "type": "text",
              "annotations": [],
              "slots": {},
              "location": {
                "start": {
                  "line": 6
                },
                "end": {
                  "line": 7
                }
              }
            }
          ],
          "type": "inline",
          "annotations": [],
          "slots": {},
          "location": {
            "start": {
              "line": 6
            },
            "end": {
              "line": 7
            }
          }
        }
      ],
      "type": "heading",
      "annotations": [],
      "slots": {},
      "location": {
        "start": {
          "line": 6
        },
        "end": {
          "line": 7
        }
      }
    },
    {
      "$$mdtype": "Node",
      "errors": [],
      "lines": [
        8,
        9
      ],
      "inline": false,
      "attributes": {},
      "children": [
        {
          "$$mdtype": "Node",
          "errors": [],
          "lines": [
            8,
            9
          ],
          "inline": false,
          "attributes": {},
          "children": [
            {
              "$$mdtype": "Node",
              "errors": [],
              "lines": [
                8,
                9
              ],
              "inline": true,
              "attributes": {
                "content": "The user's DD site is "
              },
              "children": [],
              "type": "text",
              "annotations": [],
              "slots": {},
              "location": {
                "start": {
                  "line": 8
                },
                "end": {
                  "line": 9
                }
              }
            },
            {
              "$$mdtype": "Node",
              "errors": [],
              "lines": [
                8,
                9
              ],
              "inline": true,
              "attributes": {
                "key": "dd_site"
              },
              "children": [],
              "type": "tag",
              "tag": "region-param",
              "annotations": [
                {
                  "type": "attribute",
                  "name": "key",
                  "value": "dd_site"
                }
              ],
              "slots": {},
              "location": {
                "start": {
                  "line": 8
                },
                "end": {
                  "line": 9
                }
              }
            },
            {
              "$$mdtype": "Node",
              "errors": [],
              "lines": [
                8,
                9
              ],
              "inline": true,
              "attributes": {
                "content": "."
              },
              "children": [],
              "type": "text",
              "annotations": [],
              "slots": {},
              "location": {
                "start": {
                  "line": 8
                },
                "end": {
                  "line": 9
                }
              }
            }
          ],
          "type": "inline",
          "annotations": [],
          "slots": {},
          "location": {
            "start": {
              "line": 8
            },
            "end": {
              "line": 9
            }
          }
        }
      ],
      "type": "paragraph",
      "annotations": [],
      "slots": {},
      "location": {
        "start": {
          "line": 8
        },
        "end": {
          "line": 9
        }
      }
    },
    {
      "$$mdtype": "Node",
      "errors": [],
      "lines": [
        10,
        11
      ],
      "inline": false,
      "attributes": {
        "level": 3
      },
      "children": [
        {
          "$$mdtype": "Node",
          "errors": [],
          "lines": [
            10,
            11
          ],
          "inline": false,
          "attributes": {},
          "children": [
            {
              "$$mdtype": "Node",
              "errors": [],
              "lines": [
                10,
                11
              ],
              "inline": true,
              "attributes": {
                "content": "Code"
              },
              "children": [],
              "type": "text",
              "annotations": [],
              "slots": {},
              "location": {
                "start": {
                  "line": 10
                },
                "end": {
                  "line": 11
                }
              }
            }
          ],
          "type": "inline",
          "annotations": [],
          "slots": {},
          "location": {
            "start": {
              "line": 10
            },
            "end": {
              "line": 11
            }
          }
        }
      ],
      "type": "heading",
      "annotations": [],
      "slots": {},
      "location": {
        "start": {
          "line": 10
        },
        "end": {
          "line": 11
        }
      }
    },
    {
      "$$mdtype": "Node",
      "errors": [],
      "lines": [
        12,
        13
      ],
      "inline": false,
      "attributes": {},
      "children": [
        {
          "$$mdtype": "Node",
          "errors": [],
          "lines": [
            12,
            13
          ],
          "inline": false,
          "attributes": {},
          "children": [
            {
              "$$mdtype": "Node",
              "errors": [],
              "lines": [
                12,
                13
              ],
              "inline": true,
              "attributes": {
                "content": "The user's DD site is "
              },
              "children": [],
              "type": "text",
              "annotations": [],
              "slots": {},
              "location": {
                "start": {
                  "line": 12
                },
                "end": {
                  "line": 13
                }
              }
            },
            {
              "$$mdtype": "Node",
              "errors": [],
              "lines": [
                12,
                13
              ],
              "inline": true,
              "attributes": {
                "key": "dd_site",
                "code": true
              },
              "children": [],
              "type": "tag",
              "tag": "region-param",
              "annotations": [
                {
                  "type": "attribute",
                  "name": "key",
                  "value": "dd_site"
                },
                {
                  "type": "attribute",
                  "name": "code",
                  "value": true
                }
              ],
              "slots": {},
              "location": {
                "start": {
                  "line": 12
                },
                "end": {
                  "line": 13
                }
              }
            },
            {
              "$$mdtype": "Node",
              "errors": [],
              "lines": [
                12,
                13
              ],
              "inline": true,
              "attributes": {
                "content": "."
              },
              "children": [],
              "type": "text",
              "annotations": [],
              "slots": {},
              "location": {
                "start": {
                  "line": 12
                },
                "end": {
                  "line": 13
                }
              }
            }
          ],
          "type": "inline",
          "annotations": [],
          "slots": {},
          "location": {
            "start": {
              "line": 12
            },
            "end": {
              "line": 13
            }
          }
        }
      ],
      "type": "paragraph",
      "annotations": [],
      "slots": {},
      "location": {
        "start": {
          "line": 12
        },
        "end": {
          "line": 13
        }
      }
    },
    {
      "$$mdtype": "Node",
      "errors": [],
      "lines": [
        14,
        15
      ],
      "inline": false,
      "attributes": {
        "level": 2
      },
      "children": [
        {
          "$$mdtype": "Node",
          "errors": [],
          "lines": [
            14,
            15
          ],
          "inline": false,
          "attributes": {},
          "children": [
            {
              "$$mdtype": "Node",
              "errors": [],
              "lines": [
                14,
                15
              ],
              "inline": true,
              "attributes": {
                "content": "site-region"
              },
              "children": [],
              "type": "code",
              "annotations": [],
              "slots": {},
              "location": {
                "start": {
                  "line": 14
                },
                "end": {
                  "line": 15
                }
              }
            },
            {
              "$$mdtype": "Node",
              "errors": [],
              "lines": [
                14,
                15
              ],
              "inline": true,
              "attributes": {
                "content": " shortcode"
              },
              "children": [],
              "type": "text",
              "annotations": [],
              "slots": {},
              "location": {
                "start": {
                  "line": 14
                },
                "end": {
                  "line": 15
                }
              }
            }
          ],
          "type": "inline",
          "annotations": [],
          "slots": {},
          "location": {
            "start": {
              "line": 14
            },
            "end": {
              "line": 15
            }
          }
        }
      ],
      "type": "heading",
      "annotations": [],
      "slots": {},
      "location": {
        "start": {
          "line": 14
        },
        "end": {
          "line": 15
        }
      }
    },
    {
      "$$mdtype": "Node",
      "errors": [],
      "lines": [
        16,
        17,
        18,
        19
      ],
      "inline": false,
      "attributes": {
        "region": "us"
      },
      "children": [
        {
          "$$mdtype": "Node",
          "errors": [],
          "lines": [
            17,
            18
          ],
          "inline": false,
          "attributes": {},
          "children": [
            {
              "$$mdtype": "Node",
              "errors": [],
              "lines": [
                17,
                18
              ],
              "inline": false,
              "attributes": {},
              "children": [
                {
                  "$$mdtype": "Node",
                  "errors": [],
                  "lines": [
                    17,
                    18
                  ],
                  "inline": true,
                  "attributes": {
                    "content": "Your site region is "
                  },
                  "children": [],
                  "type": "text",
                  "annotations": [],
                  "slots": {},
                  "location": {
                    "start": {
                      "line": 17
                    },
                    "end": {
                      "line": 18
                    }
                  }
                },
                {
                  "$$mdtype": "Node",
                  "errors": [],
                  "lines": [
                    17,
                    18
                  ],
                  "inline": true,
                  "attributes": {
                    "content": "US"
                  },
                  "children": [],
                  "type": "code",
                  "annotations": [],
                  "slots": {},
                  "location": {
                    "start": {
                      "line": 17
                    },
                    "end": {
                      "line": 18
                    }
                  }
                },
                {
                  "$$mdtype": "Node",
                  "errors": [],
                  "lines": [
                    17,
                    18
                  ],
                  "inline": true,
                  "attributes": {
                    "content": ", which is why this line appears. It should be the only line in this section."
                  },
                  "children": [],
                  "type": "text",
                  "annotations": [],
                  "slots": {},
                  "location": {
                    "start": {
                      "line": 17
                    },
                    "end": {
                      "line": 18
                    }
                  }
                }
              ],
              "type": "inline",
              "annotations": [],
              "slots": {},
              "location": {
                "start": {
                  "line": 17
                },
                "end": {
                  "line": 18
                }
              }
            }
          ],
          "type": "paragraph",
          "annotations": [],
          "slots": {},
          "location": {
            "start": {
              "line": 17
            },
            "end": {
              "line": 18
            }
          }
        }
      ],
      "type": "tag",
      "tag": "site-region",
      "annotations": [
        {
          "type": "attribute",
          "name": "region",
          "value": "us"
        }
      ],
      "slots": {},
      "location": {
        "start": {
          "line": 16
        },
        "end": {
          "line": 17
        }
      }
    },
    {
      "$$mdtype": "Node",
      "errors": [],
      "lines": [
        20,
        21,
        22,
        23
      ],
      "inline": false,
      "attributes": {
        "region": "eu"
      },
      "children": [
        {
          "$$mdtype": "Node",
          "errors": [],
          "lines": [
            21,
            22
          ],
          "inline": false,
          "attributes": {},
          "children": [
            {
              "$$mdtype": "Node",
              "errors": [],
              "lines": [
                21,
                22
              ],
              "inline": false,
              "attributes": {},
              "children": [
                {
                  "$$mdtype": "Node",
                  "errors": [],
                  "lines": [
                    21,
                    22
                  ],
                  "inline": true,
                  "attributes": {
                    "content": "Your site region is "
                  },
                  "children": [],
                  "type": "text",
                  "annotations": [],
                  "slots": {},
                  "location": {
                    "start": {
                      "line": 21
                    },
                    "end": {
                      "line": 22
                    }
                  }
                },
                {
                  "$$mdtype": "Node",
                  "errors": [],
                  "lines": [
                    21,
                    22
                  ],
                  "inline": true,
                  "attributes": {
                    "content": "EU"
                  },
                  "children": [],
                  "type": "code",
                  "annotations": [],
                  "slots": {},
                  "location": {
                    "start": {
                      "line": 21
                    },
                    "end": {
                      "line": 22
                    }
                  }
                },
                {
                  "$$mdtype": "Node",
                  "errors": [],
                  "lines": [
                    21,
                    22
                  ],
                  "inline": true,
                  "attributes": {
                    "content": ", which is why this line appears. It should be the only line in this section."
                  },
                  "children": [],
                  "type": "text",
                  "annotations": [],
                  "slots": {},
                  "location": {
                    "start": {
                      "line": 21
                    },
                    "end": {
                      "line": 22
                    }
                  }
                }
              ],
              "type": "inline",
              "annotations": [],
              "slots": {},
              "location": {
                "start": {
                  "line": 21
                },
                "end": {
                  "line": 22
                }
              }
            }
          ],
          "type": "paragraph",
          "annotations": [],
          "slots": {},
          "location": {
            "start": {
              "line": 21
            },
            "end": {
              "line": 22
            }
          }
        }
      ],
      "type": "tag",
      "tag": "site-region",
      "annotations": [
        {
          "type": "attribute",
          "name": "region",
          "value": "eu"
        }
      ],
      "slots": {},
      "location": {
        "start": {
          "line": 20
        },
        "end": {
          "line": 21
        }
      }
    }
  ],
  "type": "document",
  "annotations": [],
  "slots": {}
}