<style>
  .markdoc__hidden {
    background-color: lightgray;
  }
</style>
<article>
  <p>
    This test page explores everyday items that are blue, yellow, or red --
    which also happen to be the primary colors of the color wheel. If this seems
    contrived and odd, that's only because test pages are often both of those
    things.
  </p>
  <h2>sky: Your blue item of choice</h2>
  <div>
    <div class="markdoc__hidden">
      <p>
        The ocean is a large body of saltwater. It covers about 70% of the
        Earth's surface.
      </p>
    </div>
    <div>
      <p>
        The sky is the atmosphere as seen from the Earth's surface. It appears
        blue during the day.
      </p>
    </div>
    <div class="markdoc__hidden">
      <p>
        Jeans are a type of clothing. They're often made from denim and are
        known for their durability.
      </p>
    </div>
    <div class="markdoc__hidden">
      <p>
        Blueberries are a type of fruit. They're often eaten raw or used in
        baking.
      </p>
    </div>
  </div>
  <div class="markdoc__hidden">
    <div class="markdoc__hidden">
      <p>
        Bananas are a type of fruit. They're often eaten raw or used in baking.
      </p>
    </div>
    <div class="markdoc__hidden">
      <p>
        Sunflowers are a type of flower. They're known for their large, yellow
        petals.
      </p>
    </div>
    <div class="markdoc__hidden">
      <p>
        Lemons are a type of citrus fruit. They're often used in drinks and
        cooking.
      </p>
    </div>
    <div class="markdoc__hidden">
      <p>
        School buses are a type of vehicle. They're often used to transport
        students to and from school.
      </p>
    </div>
  </div>
  <div class="markdoc__hidden">
    <div class="markdoc__hidden">
      <p>
        Rubies are a type of gemstone. They're known for their deep red color.
      </p>
    </div>
    <div class="markdoc__hidden">
      <p>
        Apples are a type of fruit. They're often eaten raw or used in baking.
      </p>
    </div>
    <div class="markdoc__hidden">
      <p>
        Firetrucks are a type of vehicle. They're often used to transport
        firefighters and equipment to emergency situations.
      </p>
    </div>
    <div class="markdoc__hidden">
      <p>
        Stop signs are a type of traffic sign. They're used to indicate that
        drivers should stop their vehicles.
      </p>
    </div>
  </div>
</article>
