{
  "$$mdtype": "Tag",
  "name": "article",
  "attributes": {},
  "children": [
    {
      "$$mdtype": "Tag",
      "name": "h2",
      "attributes": {
        "id": "usage"
      },
      "children": [
        "Usage"
      ]
    },
    {
      "$$mdtype": "Tag",
      "name": "ul",
      "attributes": {},
      "children": [
        {
          "$$mdtype": "Tag",
          "name": "li",
          "attributes": {},
          "children": [
            "You can use Markdown and Markdoc tags inside of the ",
            {
              "$$mdtype": "Tag",
              "name": "code",
              "attributes": {},
              "children": [
                "alert"
              ]
            },
            " tag."
          ]
        },
        {
          "$$mdtype": "Tag",
          "name": "li",
          "attributes": {},
          "children": [
            "Some elements might look odd inside of alerts, because alerts have historically been simple and the relevant CSS styles have not been written. If needed, we can write additional CSS styles to support those elements."
          ]
        }
      ]
    },
    {
      "$$mdtype": "Tag",
      "name": "h2",
      "attributes": {
        "id": "types"
      },
      "children": [
        "Types"
      ]
    },
    {
      "$$mdtype": "Tag",
      "name": "h3",
      "attributes": {
        "id": "info"
      },
      "children": [
        "Info"
      ]
    },
    {
      "$$mdtype": "Tag",
      "name": "Alert",
      "attributes": {
        "level": "info"
      },
      "children": [
        {
          "$$mdtype": "Tag",
          "name": "p",
          "attributes": {},
          "children": [
            "This is an info alert!"
          ]
        }
      ]
    },
    {
      "$$mdtype": "Tag",
      "name": "h3",
      "attributes": {
        "id": "warning"
      },
      "children": [
        "Warning"
      ]
    },
    {
      "$$mdtype": "Tag",
      "name": "Alert",
      "attributes": {
        "level": "warning"
      },
      "children": [
        {
          "$$mdtype": "Tag",
          "name": "p",
          "attributes": {},
          "children": [
            "This is a warning alert!"
          ]
        }
      ]
    },
    {
      "$$mdtype": "Tag",
      "name": "h3",
      "attributes": {
        "id": "danger"
      },
      "children": [
        "Danger"
      ]
    },
    {
      "$$mdtype": "Tag",
      "name": "Alert",
      "attributes": {
        "level": "danger"
      },
      "children": [
        {
          "$$mdtype": "Tag",
          "name": "p",
          "attributes": {},
          "children": [
            "This is a danger alert!"
          ]
        }
      ]
    },
    {
      "$$mdtype": "Tag",
      "name": "h2",
      "attributes": {
        "id": "advanced-example"
      },
      "children": [
        "Advanced example"
      ]
    },
    {
      "$$mdtype": "Tag",
      "name": "Alert",
      "attributes": {
        "level": "info"
      },
      "children": [
        {
          "$$mdtype": "Tag",
          "name": "p",
          "attributes": {},
          "children": [
            "The contents of the ",
            {
              "$$mdtype": "Tag",
              "name": "code",
              "attributes": {},
              "children": [
                "alert"
              ]
            },
            " tag are written in Markdoc, not HTML. This means that you can use Markdoc syntax within the ",
            {
              "$$mdtype": "Tag",
              "name": "code",
              "attributes": {},
              "children": [
                "alert"
              ]
            },
            " tag, such as a reference-style ",
            {
              "$$mdtype": "Tag",
              "name": "a",
              "attributes": {
                "href": "https://www.datadoghq.com"
              },
              "children": [
                "link"
              ]
            },
            "."
          ]
        },
        {
          "$$mdtype": "Tag",
          "name": "p",
          "attributes": {},
          "children": [
            "Some elements might look odd inside of alerts, because we've never used them in this context before. If needed, we can write additional CSS styles to support those elements."
          ]
        }
      ]
    }
  ]
}