{
  "title": "Traffic Light Colors",
  "page_preferences": [
    {
      "display_name": "Color",
      "id": "color",
      "options_source": "traffic_light_color_options"
    },
    {
      "display_name": "Item",
      "id": "item",
      "options_source": "<COLOR>_item_options"
    }
  ]
}