<div id="markdoc-chooser">
  <div>
    <div class="markdoc-pref__container">
      <div class="markdoc-pref__label">Color</div>
      <div class="markdoc-pref__pill" data-pref-id="color" data-option-id="red">
        Red
      </div>
      <div
        class="markdoc-pref__pill"
        data-pref-id="color"
        data-option-id="yellow"
      >
        Yellow
      </div>
      <div
        class="markdoc-pref__pill selected"
        data-pref-id="color"
        data-option-id="green"
      >
        Green
      </div>
    </div>
    <div class="markdoc-pref__container">
      <div class="markdoc-pref__label">Item</div>
      <div
        class="markdoc-pref__pill selected"
        data-pref-id="item"
        data-option-id="grass"
      >
        Grass
      </div>
      <div
        class="markdoc-pref__pill"
        data-pref-id="item"
        data-option-id="emerald"
      >
        Emerald
      </div>
      <div class="markdoc-pref__pill" data-pref-id="item" data-option-id="lime">
        Lime
      </div>
      <div class="markdoc-pref__pill" data-pref-id="item" data-option-id="frog">
        Frog
      </div>
    </div>
    <hr />
  </div>
</div>
<div id="markdoc-content">
  <article>
    <p>
      This test page explores everyday items that are green, yellow, or red --
      which also happen to be the colors of the common traffic light. If this
      seems contrived and odd, that's only because test pages are often both of
      those things.
    </p>
    <h2>grass: Your green item of choice</h2>
    <div class="markdoc__toggleable" data-if="22">
      <div class="markdoc__toggleable" data-if="18">
        <p>
          Grass is a very common lawn plant. Alternatives to grass include
          clover and moss.
        </p>
      </div>
      <div class="markdoc__toggleable markdoc__hidden" data-if="19">
        <p>
          Emeralds are a type of gemstone. They're not known for being very
          durable.
        </p>
      </div>
      <div class="markdoc__toggleable markdoc__hidden" data-if="20">
        <p>
          Limes are a type of citrus fruit. They're often used in drinks and
          cooking.
        </p>
      </div>
      <div class="markdoc__toggleable markdoc__hidden" data-if="21">
        <p>Frogs are amphibians. They're known for their jumping abilities.</p>
      </div>
    </div>
    <div class="markdoc__toggleable markdoc__hidden" data-if="23">
      <div class="markdoc__toggleable markdoc__hidden" data-if="25">
        <p>
          Bananas are a type of fruit. They're often eaten raw or used in
          baking.
        </p>
      </div>
      <div class="markdoc__toggleable markdoc__hidden" data-if="26">
        <p>
          Sunflowers are a type of flower. They're known for their large, yellow
          petals.
        </p>
      </div>
      <div class="markdoc__toggleable markdoc__hidden" data-if="27">
        <p>
          Lemons are a type of citrus fruit. They're often used in drinks and
          cooking.
        </p>
      </div>
      <div class="markdoc__toggleable markdoc__hidden" data-if="28">
        <p>
          School buses are a type of vehicle. They're often used to transport
          students to and from school.
        </p>
      </div>
    </div>
    <div class="markdoc__toggleable markdoc__hidden" data-if="24">
      <div class="markdoc__toggleable markdoc__hidden" data-if="29">
        <p>
          Rubies are a type of gemstone. They're known for their deep red color.
        </p>
      </div>
      <div class="markdoc__toggleable markdoc__hidden" data-if="30">
        <p>
          Apples are a type of fruit. They're often eaten raw or used in baking.
        </p>
      </div>
      <div class="markdoc__toggleable markdoc__hidden" data-if="31">
        <p>
          Firetrucks are a type of vehicle. They're often used to transport
          firefighters and equipment to emergency situations.
        </p>
      </div>
      <div class="markdoc__toggleable markdoc__hidden" data-if="32">
        <p>
          Stop signs are a type of traffic sign. They're used to indicate that
          drivers should stop their vehicles.
        </p>
      </div>
    </div>
  </article>
</div>
<script>
  clientRenderer.initialize({
    pagePrefsConfig: [
      {
        n: "Color",
        i: "color",
        o: "traffic_light_color_options",
      },
      {
        n: "Item",
        i: "item",
        o: "<COLOR>_item_options",
      },
    ],
    prefOptionsConfig: {
      traffic_light_color_options: [
        {
          n: "Red",
          i: "red",
        },
        {
          n: "Yellow",
          i: "yellow",
        },
        {
          n: "Green",
          d: true,
          i: "green",
        },
      ],
      red_item_options: [
        {
          n: "Ruby",
          i: "ruby",
        },
        {
          n: "Apple",
          d: true,
          i: "apple",
        },
        {
          n: "Firetruck",
          i: "firetruck",
        },
        {
          n: "Stop sign",
          i: "stop_sign",
        },
      ],
      yellow_item_options: [
        {
          n: "Banana",
          d: true,
          i: "banana",
        },
        {
          n: "Sunflower",
          i: "sunflower",
        },
        {
          n: "Lemon",
          i: "lemon",
        },
        {
          n: "School bus",
          i: "school_bus",
        },
      ],
      green_item_options: [
        {
          n: "Grass",
          d: true,
          i: "grass",
        },
        {
          n: "Emerald",
          i: "emerald",
        },
        {
          n: "Lime",
          i: "lime",
        },
        {
          n: "Frog",
          i: "frog",
        },
      ],
    },
    selectedValsByPrefId: {
      color: "green",
      item: "grass",
    },
    ifFunctionsByRef: {
      18: {
        m: "F",
        n: "e",
        p: {
          0: {
            m: "V",
            p: ["item"],
            v: "grass",
          },
          1: "grass",
        },
        v: true,
        r: "18",
      },
      19: {
        m: "F",
        n: "e",
        p: {
          0: {
            m: "V",
            p: ["item"],
            v: "grass",
          },
          1: "emerald",
        },
        v: false,
        r: "19",
      },
      20: {
        m: "F",
        n: "e",
        p: {
          0: {
            m: "V",
            p: ["item"],
            v: "grass",
          },
          1: "lime",
        },
        v: false,
        r: "20",
      },
      21: {
        m: "F",
        n: "e",
        p: {
          0: {
            m: "V",
            p: ["item"],
            v: "grass",
          },
          1: "frog",
        },
        v: false,
        r: "21",
      },
      22: {
        m: "F",
        n: "e",
        p: {
          0: {
            m: "V",
            p: ["color"],
            v: "green",
          },
          1: "green",
        },
        v: true,
        r: "22",
      },
      23: {
        m: "F",
        n: "e",
        p: {
          0: {
            m: "V",
            p: ["color"],
            v: "green",
          },
          1: "yellow",
        },
        v: false,
        r: "23",
      },
      24: {
        m: "F",
        n: "e",
        p: {
          0: {
            m: "V",
            p: ["color"],
            v: "green",
          },
          1: "red",
        },
        v: false,
        r: "24",
      },
      25: {
        m: "F",
        n: "e",
        p: {
          0: {
            m: "V",
            p: ["item"],
            v: "grass",
          },
          1: "banana",
        },
        v: false,
        r: "25",
      },
      26: {
        m: "F",
        n: "e",
        p: {
          0: {
            m: "V",
            p: ["item"],
            v: "grass",
          },
          1: "sunflower",
        },
        v: false,
        r: "26",
      },
      27: {
        m: "F",
        n: "e",
        p: {
          0: {
            m: "V",
            p: ["item"],
            v: "grass",
          },
          1: "lemon",
        },
        v: false,
        r: "27",
      },
      28: {
        m: "F",
        n: "e",
        p: {
          0: {
            m: "V",
            p: ["item"],
            v: "grass",
          },
          1: "school_bus",
        },
        v: false,
        r: "28",
      },
      29: {
        m: "F",
        n: "e",
        p: {
          0: {
            m: "V",
            p: ["item"],
            v: "grass",
          },
          1: "ruby",
        },
        v: false,
        r: "29",
      },
      30: {
        m: "F",
        n: "e",
        p: {
          0: {
            m: "V",
            p: ["item"],
            v: "grass",
          },
          1: "apple",
        },
        v: false,
        r: "30",
      },
      31: {
        m: "F",
        n: "e",
        p: {
          0: {
            m: "V",
            p: ["item"],
            v: "grass",
          },
          1: "firetruck",
        },
        v: false,
        r: "31",
      },
      32: {
        m: "F",
        n: "e",
        p: {
          0: {
            m: "V",
            p: ["item"],
            v: "grass",
          },
          1: "stop_sign",
        },
        v: false,
        r: "32",
      },
    },
  });
</script>
