["/primary_colors.mdoc","/traffic_light_colors.mdoc"]