{
  "$$mdtype": "Node",
  "errors": [],
  "lines": [],
  "inline": false,
  "attributes": {},
  "children": [
    {
      "$$mdtype": "Node",
      "errors": [],
      "lines": [
        0,
        1
      ],
      "inline": false,
      "attributes": {
        "level": 1
      },
      "children": [
        {
          "$$mdtype": "Node",
          "errors": [],
          "lines": [
            0,
            1
          ],
          "inline": false,
          "attributes": {},
          "children": [
            {
              "$$mdtype": "Node",
              "errors": [],
              "lines": [
                0,
                1
              ],
              "inline": true,
              "attributes": {
                "content": "Description list test"
              },
              "children": [],
              "type": "text",
              "annotations": [],
              "slots": {},
              "location": {
                "start": {
                  "line": 0
                },
                "end": {
                  "line": 1
                }
              }
            }
          ],
          "type": "inline",
          "annotations": [],
          "slots": {},
          "location": {
            "start": {
              "line": 0
            },
            "end": {
              "line": 1
            }
          }
        }
      ],
      "type": "heading",
      "annotations": [],
      "slots": {},
      "location": {
        "start": {
          "line": 0
        },
        "end": {
          "line": 1
        }
      }
    },
    {
      "$$mdtype": "Node",
      "errors": [],
      "lines": [
        2,
        4
      ],
      "inline": false,
      "attributes": {},
      "children": [
        {
          "$$mdtype": "Node",
          "errors": [],
          "lines": [
            2,
            4
          ],
          "inline": false,
          "attributes": {},
          "children": [
            {
              "$$mdtype": "Node",
              "errors": [],
              "lines": [
                2,
                4
              ],
              "inline": true,
              "attributes": {
                "content": "Service"
              },
              "children": [],
              "type": "text",
              "annotations": [],
              "slots": {},
              "location": {
                "start": {
                  "line": 2
                },
                "end": {
                  "line": 4
                }
              }
            },
            {
              "$$mdtype": "Node",
              "errors": [],
              "lines": [
                2,
                4
              ],
              "inline": true,
              "attributes": {},
              "children": [],
              "type": "softbreak",
              "annotations": [],
              "slots": {},
              "location": {
                "start": {
                  "line": 2
                },
                "end": {
                  "line": 4
                }
              }
            },
            {
              "$$mdtype": "Node",
              "errors": [],
              "lines": [
                2,
                4
              ],
              "inline": true,
              "attributes": {
                "content": ": Services are the building blocks of modern microservice architectures - broadly a service groups together endpoints, queries, or jobs for the purposes of building your application."
              },
              "children": [],
              "type": "text",
              "annotations": [],
              "slots": {},
              "location": {
                "start": {
                  "line": 2
                },
                "end": {
                  "line": 4
                }
              }
            }
          ],
          "type": "inline",
          "annotations": [],
          "slots": {},
          "location": {
            "start": {
              "line": 2
            },
            "end": {
              "line": 4
            }
          }
        }
      ],
      "type": "paragraph",
      "annotations": [],
      "slots": {},
      "location": {
        "start": {
          "line": 2
        },
        "end": {
          "line": 4
        }
      }
    },
    {
      "$$mdtype": "Node",
      "errors": [],
      "lines": [
        5,
        7
      ],
      "inline": false,
      "attributes": {},
      "children": [
        {
          "$$mdtype": "Node",
          "errors": [],
          "lines": [
            5,
            7
          ],
          "inline": false,
          "attributes": {},
          "children": [
            {
              "$$mdtype": "Node",
              "errors": [],
              "lines": [
                5,
                7
              ],
              "inline": true,
              "attributes": {
                "content": "Resource"
              },
              "children": [],
              "type": "text",
              "annotations": [],
              "slots": {},
              "location": {
                "start": {
                  "line": 5
                },
                "end": {
                  "line": 7
                }
              }
            },
            {
              "$$mdtype": "Node",
              "errors": [],
              "lines": [
                5,
                7
              ],
              "inline": true,
              "attributes": {},
              "children": [],
              "type": "softbreak",
              "annotations": [],
              "slots": {},
              "location": {
                "start": {
                  "line": 5
                },
                "end": {
                  "line": 7
                }
              }
            },
            {
              "$$mdtype": "Node",
              "errors": [],
              "lines": [
                5,
                7
              ],
              "inline": true,
              "attributes": {
                "content": ": Resources represent a particular domain of a customer application - they are typically an instrumented web endpoint, database query, or background job."
              },
              "children": [],
              "type": "text",
              "annotations": [],
              "slots": {},
              "location": {
                "start": {
                  "line": 5
                },
                "end": {
                  "line": 7
                }
              }
            }
          ],
          "type": "inline",
          "annotations": [],
          "slots": {},
          "location": {
            "start": {
              "line": 5
            },
            "end": {
              "line": 7
            }
          }
        }
      ],
      "type": "paragraph",
      "annotations": [],
      "slots": {},
      "location": {
        "start": {
          "line": 5
        },
        "end": {
          "line": 7
        }
      }
    },
    {
      "$$mdtype": "Node",
      "errors": [],
      "lines": [
        8,
        10
      ],
      "inline": false,
      "attributes": {},
      "children": [
        {
          "$$mdtype": "Node",
          "errors": [],
          "lines": [
            8,
            10
          ],
          "inline": false,
          "attributes": {},
          "children": [
            {
              "$$mdtype": "Node",
              "errors": [],
              "lines": [
                8,
                10
              ],
              "inline": true,
              "attributes": {
                "content": "clusterChecksRunner.affinity.podAffinity.preferredDuringSchedulingIgnoredDuringExecution"
              },
              "children": [],
              "type": "code",
              "annotations": [],
              "slots": {},
              "location": {
                "start": {
                  "line": 8
                },
                "end": {
                  "line": 10
                }
              }
            },
            {
              "$$mdtype": "Node",
              "errors": [],
              "lines": [
                8,
                10
              ],
              "inline": true,
              "attributes": {},
              "children": [],
              "type": "softbreak",
              "annotations": [],
              "slots": {},
              "location": {
                "start": {
                  "line": 8
                },
                "end": {
                  "line": 10
                }
              }
            },
            {
              "$$mdtype": "Node",
              "errors": [],
              "lines": [
                8,
                10
              ],
              "inline": true,
              "attributes": {
                "content": ": Required. A list of node selector terms. The terms are ORed."
              },
              "children": [],
              "type": "text",
              "annotations": [],
              "slots": {},
              "location": {
                "start": {
                  "line": 8
                },
                "end": {
                  "line": 10
                }
              }
            }
          ],
          "type": "inline",
          "annotations": [],
          "slots": {},
          "location": {
            "start": {
              "line": 8
            },
            "end": {
              "line": 10
            }
          }
        }
      ],
      "type": "paragraph",
      "annotations": [],
      "slots": {},
      "location": {
        "start": {
          "line": 8
        },
        "end": {
          "line": 10
        }
      }
    },
    {
      "$$mdtype": "Node",
      "errors": [],
      "lines": [
        11,
        13
      ],
      "inline": false,
      "attributes": {},
      "children": [
        {
          "$$mdtype": "Node",
          "errors": [],
          "lines": [
            11,
            13
          ],
          "inline": false,
          "attributes": {},
          "children": [
            {
              "$$mdtype": "Node",
              "errors": [],
              "lines": [
                11,
                13
              ],
              "inline": true,
              "attributes": {
                "content": "site"
              },
              "children": [],
              "type": "code",
              "annotations": [],
              "slots": {},
              "location": {
                "start": {
                  "line": 11
                },
                "end": {
                  "line": 13
                }
              }
            },
            {
              "$$mdtype": "Node",
              "errors": [],
              "lines": [
                11,
                13
              ],
              "inline": true,
              "attributes": {},
              "children": [],
              "type": "softbreak",
              "annotations": [],
              "slots": {},
              "location": {
                "start": {
                  "line": 11
                },
                "end": {
                  "line": 13
                }
              }
            },
            {
              "$$mdtype": "Node",
              "errors": [],
              "lines": [
                11,
                13
              ],
              "inline": true,
              "attributes": {
                "content": ": Set the site of the Datadog intake for Agent data:  {{< region-param key=\"dd_site\" code=\"true\" >}}. Defaults to "
              },
              "children": [],
              "type": "text",
              "annotations": [],
              "slots": {},
              "location": {
                "start": {
                  "line": 11
                },
                "end": {
                  "line": 13
                }
              }
            },
            {
              "$$mdtype": "Node",
              "errors": [],
              "lines": [
                11,
                13
              ],
              "inline": true,
              "attributes": {
                "content": "datadoghq.com"
              },
              "children": [],
              "type": "code",
              "annotations": [],
              "slots": {},
              "location": {
                "start": {
                  "line": 11
                },
                "end": {
                  "line": 13
                }
              }
            },
            {
              "$$mdtype": "Node",
              "errors": [],
              "lines": [
                11,
                13
              ],
              "inline": true,
              "attributes": {
                "content": "."
              },
              "children": [],
              "type": "text",
              "annotations": [],
              "slots": {},
              "location": {
                "start": {
                  "line": 11
                },
                "end": {
                  "line": 13
                }
              }
            }
          ],
          "type": "inline",
          "annotations": [],
          "slots": {},
          "location": {
            "start": {
              "line": 11
            },
            "end": {
              "line": 13
            }
          }
        }
      ],
      "type": "paragraph",
      "annotations": [],
      "slots": {},
      "location": {
        "start": {
          "line": 11
        },
        "end": {
          "line": 13
        }
      }
    }
  ],
  "type": "document",
  "annotations": [],
  "slots": {}
}