<article>
  <h1>Description list test</h1>
  <p>
    Service : Services are the building blocks of modern microservice
    architectures - broadly a service groups together endpoints, queries, or
    jobs for the purposes of building your application.
  </p>
  <p>
    Resource : Resources represent a particular domain of a customer application
    - they are typically an instrumented web endpoint, database query, or
    background job.
  </p>
  <p>
    <code
      >clusterChecksRunner.affinity.podAffinity.preferredDuringSchedulingIgnoredDuringExecution</code
    >
    : Required. A list of node selector terms. The terms are ORed.
  </p>
  <p>
    <code>site</code> : Set the site of the Datadog intake for Agent data:
    {{&lt; region-param key=&quot;dd_site&quot; code=&quot;true&quot; &gt;}}.
    Defaults to <code>datadoghq.com</code>.
  </p>
</article>
