{
  "$$mdtype": "Node",
  "errors": [],
  "lines": [],
  "inline": false,
  "attributes": {
    "frontmatter": "title: Code"
  },
  "children": [
    {
      "$$mdtype": "Node",
      "errors": [],
      "lines": [
        4,
        5
      ],
      "inline": false,
      "attributes": {
        "level": 3
      },
      "children": [
        {
          "$$mdtype": "Node",
          "errors": [],
          "lines": [
            4,
            5
          ],
          "inline": false,
          "attributes": {},
          "children": [
            {
              "$$mdtype": "Node",
              "errors": [],
              "lines": [
                4,
                5
              ],
              "inline": true,
              "attributes": {
                "content": "Plain code fence"
              },
              "children": [],
              "type": "text",
              "annotations": [],
              "slots": {},
              "location": {
                "start": {
                  "line": 4
                },
                "end": {
                  "line": 5
                }
              }
            }
          ],
          "type": "inline",
          "annotations": [],
          "slots": {},
          "location": {
            "start": {
              "line": 4
            },
            "end": {
              "line": 5
            }
          }
        }
      ],
      "type": "heading",
      "annotations": [],
      "slots": {},
      "location": {
        "start": {
          "line": 4
        },
        "end": {
          "line": 5
        }
      }
    },
    {
      "$$mdtype": "Node",
      "errors": [],
      "lines": [
        6,
        12
      ],
      "inline": false,
      "attributes": {
        "content": "// Function to compute the product of p1 and p2\nfunction myFunction(p1, p2) {\n  return p1 * p2;\n}\n",
        "language": "javascript"
      },
      "children": [
        {
          "$$mdtype": "Node",
          "errors": [],
          "lines": [
            6,
            12
          ],
          "inline": false,
          "attributes": {
            "content": "// Function to compute the product of p1 and p2\nfunction myFunction(p1, p2) {\n  return p1 * p2;\n}\n"
          },
          "children": [],
          "type": "text",
          "annotations": [],
          "slots": {},
          "location": {
            "start": {
              "line": 6
            },
            "end": {
              "line": 12
            }
          }
        }
      ],
      "type": "fence",
      "annotations": [],
      "slots": {},
      "location": {
        "start": {
          "line": 6
        },
        "end": {
          "line": 12
        }
      }
    },
    {
      "$$mdtype": "Node",
      "errors": [],
      "lines": [
        13,
        14
      ],
      "inline": false,
      "attributes": {
        "level": 3
      },
      "children": [
        {
          "$$mdtype": "Node",
          "errors": [],
          "lines": [
            13,
            14
          ],
          "inline": false,
          "attributes": {},
          "children": [
            {
              "$$mdtype": "Node",
              "errors": [],
              "lines": [
                13,
                14
              ],
              "inline": true,
              "attributes": {
                "content": "code"
              },
              "children": [],
              "type": "code",
              "annotations": [],
              "slots": {},
              "location": {
                "start": {
                  "line": 13
                },
                "end": {
                  "line": 14
                }
              }
            },
            {
              "$$mdtype": "Node",
              "errors": [],
              "lines": [
                13,
                14
              ],
              "inline": true,
              "attributes": {
                "content": " shortcode"
              },
              "children": [],
              "type": "text",
              "annotations": [],
              "slots": {},
              "location": {
                "start": {
                  "line": 13
                },
                "end": {
                  "line": 14
                }
              }
            }
          ],
          "type": "inline",
          "annotations": [],
          "slots": {},
          "location": {
            "start": {
              "line": 13
            },
            "end": {
              "line": 14
            }
          }
        }
      ],
      "type": "heading",
      "annotations": [],
      "slots": {},
      "location": {
        "start": {
          "line": 13
        },
        "end": {
          "line": 14
        }
      }
    },
    {
      "$$mdtype": "Node",
      "errors": [],
      "lines": [
        15,
        16
      ],
      "inline": false,
      "attributes": {},
      "children": [
        {
          "$$mdtype": "Node",
          "errors": [],
          "lines": [
            15,
            16
          ],
          "inline": false,
          "attributes": {},
          "children": [
            {
              "$$mdtype": "Node",
              "errors": [],
              "lines": [
                15,
                16
              ],
              "inline": true,
              "attributes": {
                "content": "TODO"
              },
              "children": [],
              "type": "text",
              "annotations": [],
              "slots": {},
              "location": {
                "start": {
                  "line": 15
                },
                "end": {
                  "line": 16
                }
              }
            }
          ],
          "type": "inline",
          "annotations": [],
          "slots": {},
          "location": {
            "start": {
              "line": 15
            },
            "end": {
              "line": 16
            }
          }
        }
      ],
      "type": "paragraph",
      "annotations": [],
      "slots": {},
      "location": {
        "start": {
          "line": 15
        },
        "end": {
          "line": 16
        }
      }
    }
  ],
  "type": "document",
  "annotations": [],
  "slots": {}
}