{
  "$$mdtype": "Tag",
  "name": "article",
  "attributes": {},
  "children": [
    {
      "$$mdtype": "Tag",
      "name": "h3",
      "attributes": {},
      "children": [
        "Plain code fence"
      ]
    },
    {
      "$$mdtype": "Tag",
      "name": "Fence",
      "attributes": {
        "language": "javascript"
      },
      "children": [
        "// Function to compute the product of p1 and p2\nfunction myFunction(p1, p2) {\n  return p1 * p2;\n}\n"
      ]
    },
    {
      "$$mdtype": "Tag",
      "name": "h3",
      "attributes": {},
      "children": [
        {
          "$$mdtype": "Tag",
          "name": "code",
          "attributes": {},
          "children": [
            "code"
          ]
        },
        " shortcode"
      ]
    },
    {
      "$$mdtype": "Tag",
      "name": "p",
      "attributes": {},
      "children": [
        "TODO"
      ]
    }
  ]
}