{
  "$$mdtype": "Tag",
  "name": "article",
  "attributes": {},
  "children": [
    {
      "$$mdtype": "Tag",
      "name": "p",
      "attributes": {},
      "children": [
        "This test page explores everyday items that are blue, yellow, or red -- which also happen to be the primary colors of the color wheel. If this seems contrived and odd, that's only because test pages are often both of those things."
      ]
    },
    {
      "$$mdtype": "Tag",
      "name": "h2",
      "attributes": {},
      "children": [
        {
          "$$mdtype": "Variable",
          "path": [
            "item"
          ],
          "value": "sky"
        },
        ": Your ",
        {
          "$$mdtype": "Variable",
          "path": [
            "color"
          ],
          "value": "blue"
        },
        " item of choice"
      ]
    },
    {
      "$$mdtype": "Tag",
      "name": "div",
      "if": {
        "$$mdtype": "Function",
        "name": "equals",
        "value": true,
        "parameters": {
          "0": {
            "$$mdtype": "Variable",
            "path": [
              "color"
            ],
            "value": "blue"
          },
          "1": "blue"
        }
      },
      "attributes": {
        "display": "true"
      },
      "children": [
        {
          "$$mdtype": "Tag",
          "name": "div",
          "if": {
            "$$mdtype": "Function",
            "name": "equals",
            "value": false,
            "parameters": {
              "0": {
                "$$mdtype": "Variable",
                "path": [
                  "item"
                ],
                "value": "sky"
              },
              "1": "ocean"
            }
          },
          "attributes": {
            "display": "false"
          },
          "children": [
            {
              "$$mdtype": "Tag",
              "name": "p",
              "attributes": {},
              "children": [
                "The ocean is a large body of saltwater. It covers about 70% of the Earth's surface."
              ]
            }
          ]
        },
        {
          "$$mdtype": "Tag",
          "name": "div",
          "if": {
            "$$mdtype": "Function",
            "name": "equals",
            "value": true,
            "parameters": {
              "0": {
                "$$mdtype": "Variable",
                "path": [
                  "item"
                ],
                "value": "sky"
              },
              "1": "sky"
            }
          },
          "attributes": {
            "display": "true"
          },
          "children": [
            {
              "$$mdtype": "Tag",
              "name": "p",
              "attributes": {},
              "children": [
                "The sky is the atmosphere as seen from the Earth's surface. It appears blue during the day."
              ]
            }
          ]
        },
        {
          "$$mdtype": "Tag",
          "name": "div",
          "if": {
            "$$mdtype": "Function",
            "name": "equals",
            "value": false,
            "parameters": {
              "0": {
                "$$mdtype": "Variable",
                "path": [
                  "item"
                ],
                "value": "sky"
              },
              "1": "jeans"
            }
          },
          "attributes": {
            "display": "false"
          },
          "children": [
            {
              "$$mdtype": "Tag",
              "name": "p",
              "attributes": {},
              "children": [
                "Jeans are a type of clothing. They're often made from denim and are known for their durability."
              ]
            }
          ]
        },
        {
          "$$mdtype": "Tag",
          "name": "div",
          "if": {
            "$$mdtype": "Function",
            "name": "equals",
            "value": false,
            "parameters": {
              "0": {
                "$$mdtype": "Variable",
                "path": [
                  "item"
                ],
                "value": "sky"
              },
              "1": "blueberry"
            }
          },
          "attributes": {
            "display": "false"
          },
          "children": [
            {
              "$$mdtype": "Tag",
              "name": "p",
              "attributes": {},
              "children": [
                "Blueberries are a type of fruit. They're often eaten raw or used in baking."
              ]
            }
          ]
        }
      ]
    },
    {
      "$$mdtype": "Tag",
      "name": "div",
      "if": {
        "$$mdtype": "Function",
        "name": "equals",
        "value": false,
        "parameters": {
          "0": {
            "$$mdtype": "Variable",
            "path": [
              "color"
            ],
            "value": "blue"
          },
          "1": "yellow"
        }
      },
      "attributes": {
        "display": "false"
      },
      "children": [
        {
          "$$mdtype": "Tag",
          "name": "div",
          "if": {
            "$$mdtype": "Function",
            "name": "equals",
            "value": false,
            "parameters": {
              "0": {
                "$$mdtype": "Variable",
                "path": [
                  "item"
                ],
                "value": "sky"
              },
              "1": "banana"
            }
          },
          "attributes": {
            "display": "false"
          },
          "children": [
            {
              "$$mdtype": "Tag",
              "name": "p",
              "attributes": {},
              "children": [
                "Bananas are a type of fruit. They're often eaten raw or used in baking."
              ]
            }
          ]
        },
        {
          "$$mdtype": "Tag",
          "name": "div",
          "if": {
            "$$mdtype": "Function",
            "name": "equals",
            "value": false,
            "parameters": {
              "0": {
                "$$mdtype": "Variable",
                "path": [
                  "item"
                ],
                "value": "sky"
              },
              "1": "sunflower"
            }
          },
          "attributes": {
            "display": "false"
          },
          "children": [
            {
              "$$mdtype": "Tag",
              "name": "p",
              "attributes": {},
              "children": [
                "Sunflowers are a type of flower. They're known for their large, yellow petals."
              ]
            }
          ]
        },
        {
          "$$mdtype": "Tag",
          "name": "div",
          "if": {
            "$$mdtype": "Function",
            "name": "equals",
            "value": false,
            "parameters": {
              "0": {
                "$$mdtype": "Variable",
                "path": [
                  "item"
                ],
                "value": "sky"
              },
              "1": "lemon"
            }
          },
          "attributes": {
            "display": "false"
          },
          "children": [
            {
              "$$mdtype": "Tag",
              "name": "p",
              "attributes": {},
              "children": [
                "Lemons are a type of citrus fruit. They're often used in drinks and cooking."
              ]
            }
          ]
        },
        {
          "$$mdtype": "Tag",
          "name": "div",
          "if": {
            "$$mdtype": "Function",
            "name": "equals",
            "value": false,
            "parameters": {
              "0": {
                "$$mdtype": "Variable",
                "path": [
                  "item"
                ],
                "value": "sky"
              },
              "1": "school_bus"
            }
          },
          "attributes": {
            "display": "false"
          },
          "children": [
            {
              "$$mdtype": "Tag",
              "name": "p",
              "attributes": {},
              "children": [
                "School buses are a type of vehicle. They're often used to transport students to and from school."
              ]
            }
          ]
        }
      ]
    },
    {
      "$$mdtype": "Tag",
      "name": "div",
      "if": {
        "$$mdtype": "Function",
        "name": "equals",
        "value": false,
        "parameters": {
          "0": {
            "$$mdtype": "Variable",
            "path": [
              "color"
            ],
            "value": "blue"
          },
          "1": "red"
        }
      },
      "attributes": {
        "display": "false"
      },
      "children": [
        {
          "$$mdtype": "Tag",
          "name": "div",
          "if": {
            "$$mdtype": "Function",
            "name": "equals",
            "value": false,
            "parameters": {
              "0": {
                "$$mdtype": "Variable",
                "path": [
                  "item"
                ],
                "value": "sky"
              },
              "1": "ruby"
            }
          },
          "attributes": {
            "display": "false"
          },
          "children": [
            {
              "$$mdtype": "Tag",
              "name": "p",
              "attributes": {},
              "children": [
                "Rubies are a type of gemstone. They're known for their deep red color."
              ]
            }
          ]
        },
        {
          "$$mdtype": "Tag",
          "name": "div",
          "if": {
            "$$mdtype": "Function",
            "name": "equals",
            "value": false,
            "parameters": {
              "0": {
                "$$mdtype": "Variable",
                "path": [
                  "item"
                ],
                "value": "sky"
              },
              "1": "apple"
            }
          },
          "attributes": {
            "display": "false"
          },
          "children": [
            {
              "$$mdtype": "Tag",
              "name": "p",
              "attributes": {},
              "children": [
                "Apples are a type of fruit. They're often eaten raw or used in baking."
              ]
            }
          ]
        },
        {
          "$$mdtype": "Tag",
          "name": "div",
          "if": {
            "$$mdtype": "Function",
            "name": "equals",
            "value": false,
            "parameters": {
              "0": {
                "$$mdtype": "Variable",
                "path": [
                  "item"
                ],
                "value": "sky"
              },
              "1": "firetruck"
            }
          },
          "attributes": {
            "display": "false"
          },
          "children": [
            {
              "$$mdtype": "Tag",
              "name": "p",
              "attributes": {},
              "children": [
                "Firetrucks are a type of vehicle. They're often used to transport firefighters and equipment to emergency situations."
              ]
            }
          ]
        },
        {
          "$$mdtype": "Tag",
          "name": "div",
          "if": {
            "$$mdtype": "Function",
            "name": "equals",
            "value": false,
            "parameters": {
              "0": {
                "$$mdtype": "Variable",
                "path": [
                  "item"
                ],
                "value": "sky"
              },
              "1": "stop_sign"
            }
          },
          "attributes": {
            "display": "false"
          },
          "children": [
            {
              "$$mdtype": "Tag",
              "name": "p",
              "attributes": {},
              "children": [
                "Stop signs are a type of traffic sign. They're used to indicate that drivers should stop their vehicles."
              ]
            }
          ]
        }
      ]
    }
  ]
}