<script>
  function handleValueChange(varName, newValue) {
    console.log("handleValueChange called");
    console.log("varName:", varName);
    console.log("newValue:", newValue);
  }
</script>
<style>
  .markdoc__hidden {
    background-color: lightgray;
  }
</style>
<div style="display: inline-block; vertical-align: top; margin-right: 1em">
  <label>Color</label>
  <select
    onchange="handleValueChange('color', this.options[this.selectedIndex].value)"
  >
    <option value="red">Red</option>
    ,
    <option value="yellow">Yellow</option>
    ,
    <option value="green" selected>Green</option>
  </select>
</div>

<div style="display: inline-block; vertical-align: top; margin-right: 1em">
  <label>Item</label>
  <select
    onchange="handleValueChange('item', this.options[this.selectedIndex].value)"
  >
    <option value="grass" selected>Grass</option>
    ,
    <option value="emerald">Emerald</option>
    ,
    <option value="lime">Lime</option>
    ,
    <option value="frog">Frog</option>
  </select>
</div>
<article>
  <p>
    This test page explores everyday items that are green, yellow, or red --
    which also happen to be the colors of the common traffic light. If this
    seems contrived and odd, that's only because test pages are often both of
    those things.
  </p>
  <h2>grass: Your green item of choice</h2>
  <div>
    <div>
      <p>
        Grass is a very common lawn plant. Alternatives to grass include clover
        and moss.
      </p>
    </div>
    <div class="markdoc__hidden">
      <p>
        Emeralds are a type of gemstone. They're not known for being very
        durable.
      </p>
    </div>
    <div class="markdoc__hidden">
      <p>
        Limes are a type of citrus fruit. They're often used in drinks and
        cooking.
      </p>
    </div>
    <div class="markdoc__hidden">
      <p>Frogs are amphibians. They're known for their jumping abilities.</p>
    </div>
  </div>
  <div class="markdoc__hidden">
    <div class="markdoc__hidden">
      <p>
        Bananas are a type of fruit. They're often eaten raw or used in baking.
      </p>
    </div>
    <div class="markdoc__hidden">
      <p>
        Sunflowers are a type of flower. They're known for their large, yellow
        petals.
      </p>
    </div>
    <div class="markdoc__hidden">
      <p>
        Lemons are a type of citrus fruit. They're often used in drinks and
        cooking.
      </p>
    </div>
    <div class="markdoc__hidden">
      <p>
        School buses are a type of vehicle. They're often used to transport
        students to and from school.
      </p>
    </div>
  </div>
  <div class="markdoc__hidden">
    <div class="markdoc__hidden">
      <p>
        Rubies are a type of gemstone. They're known for their deep red color.
      </p>
    </div>
    <div class="markdoc__hidden">
      <p>
        Apples are a type of fruit. They're often eaten raw or used in baking.
      </p>
    </div>
    <div class="markdoc__hidden">
      <p>
        Firetrucks are a type of vehicle. They're often used to transport
        firefighters and equipment to emergency situations.
      </p>
    </div>
    <div class="markdoc__hidden">
      <p>
        Stop signs are a type of traffic sign. They're used to indicate that
        drivers should stop their vehicles.
      </p>
    </div>
  </div>
</article>
