{
  "$$mdtype": "Node",
  "errors": [],
  "lines": [],
  "inline": false,
  "attributes": {
    "frontmatter": "title: region-param"
  },
  "children": [
    {
      "$$mdtype": "Node",
      "errors": [],
      "lines": [
        4,
        5
      ],
      "inline": false,
      "attributes": {
        "level": 2
      },
      "children": [
        {
          "$$mdtype": "Node",
          "errors": [],
          "lines": [
            4,
            5
          ],
          "inline": false,
          "attributes": {},
          "children": [
            {
              "$$mdtype": "Node",
              "errors": [],
              "lines": [
                4,
                5
              ],
              "inline": true,
              "attributes": {
                "content": "Body copy"
              },
              "children": [],
              "type": "text",
              "annotations": [],
              "slots": {},
              "location": {
                "start": {
                  "line": 4
                },
                "end": {
                  "line": 5
                }
              }
            }
          ],
          "type": "inline",
          "annotations": [],
          "slots": {},
          "location": {
            "start": {
              "line": 4
            },
            "end": {
              "line": 5
            }
          }
        }
      ],
      "type": "heading",
      "annotations": [],
      "slots": {},
      "location": {
        "start": {
          "line": 4
        },
        "end": {
          "line": 5
        }
      }
    },
    {
      "$$mdtype": "Node",
      "errors": [],
      "lines": [
        6,
        7
      ],
      "inline": false,
      "attributes": {},
      "children": [
        {
          "$$mdtype": "Node",
          "errors": [],
          "lines": [
            6,
            7
          ],
          "inline": false,
          "attributes": {},
          "children": [
            {
              "$$mdtype": "Node",
              "errors": [],
              "lines": [
                6,
                7
              ],
              "inline": true,
              "attributes": {
                "content": "The user's DD site is "
              },
              "children": [],
              "type": "text",
              "annotations": [],
              "slots": {},
              "location": {
                "start": {
                  "line": 6
                },
                "end": {
                  "line": 7
                }
              }
            },
            {
              "$$mdtype": "Node",
              "errors": [],
              "lines": [
                6,
                7
              ],
              "inline": true,
              "attributes": {
                "key": "dd_site"
              },
              "children": [],
              "type": "tag",
              "tag": "region-param",
              "annotations": [
                {
                  "type": "attribute",
                  "name": "key",
                  "value": "dd_site"
                }
              ],
              "slots": {},
              "location": {
                "start": {
                  "line": 6
                },
                "end": {
                  "line": 7
                }
              }
            },
            {
              "$$mdtype": "Node",
              "errors": [],
              "lines": [
                6,
                7
              ],
              "inline": true,
              "attributes": {
                "content": "."
              },
              "children": [],
              "type": "text",
              "annotations": [],
              "slots": {},
              "location": {
                "start": {
                  "line": 6
                },
                "end": {
                  "line": 7
                }
              }
            }
          ],
          "type": "inline",
          "annotations": [],
          "slots": {},
          "location": {
            "start": {
              "line": 6
            },
            "end": {
              "line": 7
            }
          }
        }
      ],
      "type": "paragraph",
      "annotations": [],
      "slots": {},
      "location": {
        "start": {
          "line": 6
        },
        "end": {
          "line": 7
        }
      }
    },
    {
      "$$mdtype": "Node",
      "errors": [],
      "lines": [
        8,
        9
      ],
      "inline": false,
      "attributes": {
        "level": 2
      },
      "children": [
        {
          "$$mdtype": "Node",
          "errors": [],
          "lines": [
            8,
            9
          ],
          "inline": false,
          "attributes": {},
          "children": [
            {
              "$$mdtype": "Node",
              "errors": [],
              "lines": [
                8,
                9
              ],
              "inline": true,
              "attributes": {
                "content": "Code"
              },
              "children": [],
              "type": "text",
              "annotations": [],
              "slots": {},
              "location": {
                "start": {
                  "line": 8
                },
                "end": {
                  "line": 9
                }
              }
            }
          ],
          "type": "inline",
          "annotations": [],
          "slots": {},
          "location": {
            "start": {
              "line": 8
            },
            "end": {
              "line": 9
            }
          }
        }
      ],
      "type": "heading",
      "annotations": [],
      "slots": {},
      "location": {
        "start": {
          "line": 8
        },
        "end": {
          "line": 9
        }
      }
    },
    {
      "$$mdtype": "Node",
      "errors": [],
      "lines": [
        10,
        11
      ],
      "inline": false,
      "attributes": {},
      "children": [
        {
          "$$mdtype": "Node",
          "errors": [],
          "lines": [
            10,
            11
          ],
          "inline": false,
          "attributes": {},
          "children": [
            {
              "$$mdtype": "Node",
              "errors": [],
              "lines": [
                10,
                11
              ],
              "inline": true,
              "attributes": {
                "content": "The user's DD site is "
              },
              "children": [],
              "type": "text",
              "annotations": [],
              "slots": {},
              "location": {
                "start": {
                  "line": 10
                },
                "end": {
                  "line": 11
                }
              }
            },
            {
              "$$mdtype": "Node",
              "errors": [],
              "lines": [
                10,
                11
              ],
              "inline": true,
              "attributes": {
                "key": "dd_site",
                "code": true
              },
              "children": [],
              "type": "tag",
              "tag": "region-param",
              "annotations": [
                {
                  "type": "attribute",
                  "name": "key",
                  "value": "dd_site"
                },
                {
                  "type": "attribute",
                  "name": "code",
                  "value": true
                }
              ],
              "slots": {},
              "location": {
                "start": {
                  "line": 10
                },
                "end": {
                  "line": 11
                }
              }
            },
            {
              "$$mdtype": "Node",
              "errors": [],
              "lines": [
                10,
                11
              ],
              "inline": true,
              "attributes": {
                "content": "."
              },
              "children": [],
              "type": "text",
              "annotations": [],
              "slots": {},
              "location": {
                "start": {
                  "line": 10
                },
                "end": {
                  "line": 11
                }
              }
            }
          ],
          "type": "inline",
          "annotations": [],
          "slots": {},
          "location": {
            "start": {
              "line": 10
            },
            "end": {
              "line": 11
            }
          }
        }
      ],
      "type": "paragraph",
      "annotations": [],
      "slots": {},
      "location": {
        "start": {
          "line": 10
        },
        "end": {
          "line": 11
        }
      }
    }
  ],
  "type": "document",
  "annotations": [],
  "slots": {}
}