{
  "$$mdtype": "Node",
  "errors": [],
  "lines": [],
  "inline": false,
  "attributes": {
    "frontmatter": "title: Shortcode tests"
  },
  "children": [
    {
      "$$mdtype": "Node",
      "errors": [],
      "lines": [
        4,
        5
      ],
      "inline": false,
      "attributes": {
        "level": 2
      },
      "children": [
        {
          "$$mdtype": "Node",
          "errors": [],
          "lines": [
            4,
            5
          ],
          "inline": false,
          "attributes": {},
          "children": [
            {
              "$$mdtype": "Node",
              "errors": [],
              "lines": [
                4,
                5
              ],
              "inline": true,
              "attributes": {
                "content": "Shortcode tests"
              },
              "children": [],
              "type": "text",
              "annotations": [],
              "slots": {},
              "location": {
                "start": {
                  "line": 4
                },
                "end": {
                  "line": 5
                }
              }
            }
          ],
          "type": "inline",
          "annotations": [],
          "slots": {},
          "location": {
            "start": {
              "line": 4
            },
            "end": {
              "line": 5
            }
          }
        }
      ],
      "type": "heading",
      "annotations": [],
      "slots": {},
      "location": {
        "start": {
          "line": 4
        },
        "end": {
          "line": 5
        }
      }
    },
    {
      "$$mdtype": "Node",
      "errors": [],
      "lines": [
        6,
        7
      ],
      "inline": false,
      "attributes": {
        "level": 3
      },
      "children": [
        {
          "$$mdtype": "Node",
          "errors": [],
          "lines": [
            6,
            7
          ],
          "inline": false,
          "attributes": {},
          "children": [
            {
              "$$mdtype": "Node",
              "errors": [],
              "lines": [
                6,
                7
              ],
              "inline": true,
              "attributes": {
                "content": "img"
              },
              "children": [],
              "type": "text",
              "annotations": [],
              "slots": {},
              "location": {
                "start": {
                  "line": 6
                },
                "end": {
                  "line": 7
                }
              }
            }
          ],
          "type": "inline",
          "annotations": [],
          "slots": {},
          "location": {
            "start": {
              "line": 6
            },
            "end": {
              "line": 7
            }
          }
        }
      ],
      "type": "heading",
      "annotations": [],
      "slots": {},
      "location": {
        "start": {
          "line": 6
        },
        "end": {
          "line": 7
        }
      }
    },
    {
      "$$mdtype": "Node",
      "errors": [],
      "lines": [
        8,
        9
      ],
      "inline": false,
      "attributes": {
        "src": "account_management/api-key.png",
        "alt": "Navigate to the API Keys page for your organization in Datadog",
        "style": "width:80%;"
      },
      "children": [],
      "type": "tag",
      "tag": "img",
      "annotations": [
        {
          "type": "attribute",
          "name": "src",
          "value": "account_management/api-key.png"
        },
        {
          "type": "attribute",
          "name": "alt",
          "value": "Navigate to the API Keys page for your organization in Datadog"
        },
        {
          "type": "attribute",
          "name": "style",
          "value": "width:80%;"
        }
      ],
      "slots": {},
      "location": {
        "start": {
          "line": 8
        },
        "end": {
          "line": 9
        }
      }
    },
    {
      "$$mdtype": "Node",
      "errors": [],
      "lines": [
        10,
        11
      ],
      "inline": false,
      "attributes": {
        "level": 3
      },
      "children": [
        {
          "$$mdtype": "Node",
          "errors": [],
          "lines": [
            10,
            11
          ],
          "inline": false,
          "attributes": {},
          "children": [
            {
              "$$mdtype": "Node",
              "errors": [],
              "lines": [
                10,
                11
              ],
              "inline": true,
              "attributes": {
                "content": "region-param"
              },
              "children": [],
              "type": "text",
              "annotations": [],
              "slots": {},
              "location": {
                "start": {
                  "line": 10
                },
                "end": {
                  "line": 11
                }
              }
            }
          ],
          "type": "inline",
          "annotations": [],
          "slots": {},
          "location": {
            "start": {
              "line": 10
            },
            "end": {
              "line": 11
            }
          }
        }
      ],
      "type": "heading",
      "annotations": [],
      "slots": {},
      "location": {
        "start": {
          "line": 10
        },
        "end": {
          "line": 11
        }
      }
    },
    {
      "$$mdtype": "Node",
      "errors": [],
      "lines": [
        12,
        13
      ],
      "inline": false,
      "attributes": {
        "level": 4
      },
      "children": [
        {
          "$$mdtype": "Node",
          "errors": [],
          "lines": [
            12,
            13
          ],
          "inline": false,
          "attributes": {},
          "children": [
            {
              "$$mdtype": "Node",
              "errors": [],
              "lines": [
                12,
                13
              ],
              "inline": true,
              "attributes": {
                "content": "Body copy"
              },
              "children": [],
              "type": "text",
              "annotations": [],
              "slots": {},
              "location": {
                "start": {
                  "line": 12
                },
                "end": {
                  "line": 13
                }
              }
            }
          ],
          "type": "inline",
          "annotations": [],
          "slots": {},
          "location": {
            "start": {
              "line": 12
            },
            "end": {
              "line": 13
            }
          }
        }
      ],
      "type": "heading",
      "annotations": [],
      "slots": {},
      "location": {
        "start": {
          "line": 12
        },
        "end": {
          "line": 13
        }
      }
    },
    {
      "$$mdtype": "Node",
      "errors": [],
      "lines": [
        14,
        15
      ],
      "inline": false,
      "attributes": {
        "key": "dd_site"
      },
      "children": [],
      "type": "tag",
      "tag": "region-param",
      "annotations": [
        {
          "type": "attribute",
          "name": "key",
          "value": "dd_site"
        }
      ],
      "slots": {},
      "location": {
        "start": {
          "line": 14
        },
        "end": {
          "line": 15
        }
      }
    },
    {
      "$$mdtype": "Node",
      "errors": [],
      "lines": [
        16,
        17
      ],
      "inline": false,
      "attributes": {
        "level": 4
      },
      "children": [
        {
          "$$mdtype": "Node",
          "errors": [],
          "lines": [
            16,
            17
          ],
          "inline": false,
          "attributes": {},
          "children": [
            {
              "$$mdtype": "Node",
              "errors": [],
              "lines": [
                16,
                17
              ],
              "inline": true,
              "attributes": {
                "content": "Code"
              },
              "children": [],
              "type": "text",
              "annotations": [],
              "slots": {},
              "location": {
                "start": {
                  "line": 16
                },
                "end": {
                  "line": 17
                }
              }
            }
          ],
          "type": "inline",
          "annotations": [],
          "slots": {},
          "location": {
            "start": {
              "line": 16
            },
            "end": {
              "line": 17
            }
          }
        }
      ],
      "type": "heading",
      "annotations": [],
      "slots": {},
      "location": {
        "start": {
          "line": 16
        },
        "end": {
          "line": 17
        }
      }
    },
    {
      "$$mdtype": "Node",
      "errors": [],
      "lines": [
        18,
        19
      ],
      "inline": false,
      "attributes": {
        "key": "dd_site",
        "code": true
      },
      "children": [],
      "type": "tag",
      "tag": "region-param",
      "annotations": [
        {
          "type": "attribute",
          "name": "key",
          "value": "dd_site"
        },
        {
          "type": "attribute",
          "name": "code",
          "value": true
        }
      ],
      "slots": {},
      "location": {
        "start": {
          "line": 18
        },
        "end": {
          "line": 19
        }
      }
    },
    {
      "$$mdtype": "Node",
      "errors": [],
      "lines": [
        20,
        21
      ],
      "inline": false,
      "attributes": {
        "level": 3
      },
      "children": [
        {
          "$$mdtype": "Node",
          "errors": [],
          "lines": [
            20,
            21
          ],
          "inline": false,
          "attributes": {},
          "children": [
            {
              "$$mdtype": "Node",
              "errors": [],
              "lines": [
                20,
                21
              ],
              "inline": true,
              "attributes": {
                "content": "site-region"
              },
              "children": [],
              "type": "text",
              "annotations": [],
              "slots": {},
              "location": {
                "start": {
                  "line": 20
                },
                "end": {
                  "line": 21
                }
              }
            }
          ],
          "type": "inline",
          "annotations": [],
          "slots": {},
          "location": {
            "start": {
              "line": 20
            },
            "end": {
              "line": 21
            }
          }
        }
      ],
      "type": "heading",
      "annotations": [],
      "slots": {},
      "location": {
        "start": {
          "line": 20
        },
        "end": {
          "line": 21
        }
      }
    },
    {
      "$$mdtype": "Node",
      "errors": [],
      "lines": [
        22,
        23
      ],
      "inline": false,
      "attributes": {
        "level": 4
      },
      "children": [
        {
          "$$mdtype": "Node",
          "errors": [],
          "lines": [
            22,
            23
          ],
          "inline": false,
          "attributes": {},
          "children": [
            {
              "$$mdtype": "Node",
              "errors": [],
              "lines": [
                22,
                23
              ],
              "inline": true,
              "attributes": {
                "content": "Selected region (us)"
              },
              "children": [],
              "type": "text",
              "annotations": [],
              "slots": {},
              "location": {
                "start": {
                  "line": 22
                },
                "end": {
                  "line": 23
                }
              }
            }
          ],
          "type": "inline",
          "annotations": [],
          "slots": {},
          "location": {
            "start": {
              "line": 22
            },
            "end": {
              "line": 23
            }
          }
        }
      ],
      "type": "heading",
      "annotations": [],
      "slots": {},
      "location": {
        "start": {
          "line": 22
        },
        "end": {
          "line": 23
        }
      }
    },
    {
      "$$mdtype": "Node",
      "errors": [],
      "lines": [
        24,
        25
      ],
      "inline": false,
      "attributes": {},
      "children": [
        {
          "$$mdtype": "Node",
          "errors": [],
          "lines": [
            24,
            25
          ],
          "inline": false,
          "attributes": {},
          "children": [
            {
              "$$mdtype": "Node",
              "errors": [],
              "lines": [
                24,
                25
              ],
              "inline": true,
              "attributes": {
                "content": "Something should show up here:"
              },
              "children": [],
              "type": "text",
              "annotations": [],
              "slots": {},
              "location": {
                "start": {
                  "line": 24
                },
                "end": {
                  "line": 25
                }
              }
            }
          ],
          "type": "inline",
          "annotations": [],
          "slots": {},
          "location": {
            "start": {
              "line": 24
            },
            "end": {
              "line": 25
            }
          }
        }
      ],
      "type": "paragraph",
      "annotations": [],
      "slots": {},
      "location": {
        "start": {
          "line": 24
        },
        "end": {
          "line": 25
        }
      }
    },
    {
      "$$mdtype": "Node",
      "errors": [],
      "lines": [
        26,
        27,
        28,
        29
      ],
      "inline": false,
      "attributes": {
        "region": "us"
      },
      "children": [
        {
          "$$mdtype": "Node",
          "errors": [],
          "lines": [
            27,
            28
          ],
          "inline": false,
          "attributes": {},
          "children": [
            {
              "$$mdtype": "Node",
              "errors": [],
              "lines": [
                27,
                28
              ],
              "inline": false,
              "attributes": {},
              "children": [
                {
                  "$$mdtype": "Node",
                  "errors": [],
                  "lines": [
                    27,
                    28
                  ],
                  "inline": true,
                  "attributes": {
                    "content": "This is the content for the US region only."
                  },
                  "children": [],
                  "type": "text",
                  "annotations": [],
                  "slots": {},
                  "location": {
                    "start": {
                      "line": 27
                    },
                    "end": {
                      "line": 28
                    }
                  }
                }
              ],
              "type": "inline",
              "annotations": [],
              "slots": {},
              "location": {
                "start": {
                  "line": 27
                },
                "end": {
                  "line": 28
                }
              }
            }
          ],
          "type": "paragraph",
          "annotations": [],
          "slots": {},
          "location": {
            "start": {
              "line": 27
            },
            "end": {
              "line": 28
            }
          }
        }
      ],
      "type": "tag",
      "tag": "site-region",
      "annotations": [
        {
          "type": "attribute",
          "name": "region",
          "value": "us"
        }
      ],
      "slots": {},
      "location": {
        "start": {
          "line": 26
        },
        "end": {
          "line": 27
        }
      }
    },
    {
      "$$mdtype": "Node",
      "errors": [],
      "lines": [
        30,
        31
      ],
      "inline": false,
      "attributes": {
        "level": 4
      },
      "children": [
        {
          "$$mdtype": "Node",
          "errors": [],
          "lines": [
            30,
            31
          ],
          "inline": false,
          "attributes": {},
          "children": [
            {
              "$$mdtype": "Node",
              "errors": [],
              "lines": [
                30,
                31
              ],
              "inline": true,
              "attributes": {
                "content": "Nonselected region (eu)"
              },
              "children": [],
              "type": "text",
              "annotations": [],
              "slots": {},
              "location": {
                "start": {
                  "line": 30
                },
                "end": {
                  "line": 31
                }
              }
            }
          ],
          "type": "inline",
          "annotations": [],
          "slots": {},
          "location": {
            "start": {
              "line": 30
            },
            "end": {
              "line": 31
            }
          }
        }
      ],
      "type": "heading",
      "annotations": [],
      "slots": {},
      "location": {
        "start": {
          "line": 30
        },
        "end": {
          "line": 31
        }
      }
    },
    {
      "$$mdtype": "Node",
      "errors": [],
      "lines": [
        32,
        33
      ],
      "inline": false,
      "attributes": {},
      "children": [
        {
          "$$mdtype": "Node",
          "errors": [],
          "lines": [
            32,
            33
          ],
          "inline": false,
          "attributes": {},
          "children": [
            {
              "$$mdtype": "Node",
              "errors": [],
              "lines": [
                32,
                33
              ],
              "inline": true,
              "attributes": {
                "content": "Nothing should show up here:"
              },
              "children": [],
              "type": "text",
              "annotations": [],
              "slots": {},
              "location": {
                "start": {
                  "line": 32
                },
                "end": {
                  "line": 33
                }
              }
            }
          ],
          "type": "inline",
          "annotations": [],
          "slots": {},
          "location": {
            "start": {
              "line": 32
            },
            "end": {
              "line": 33
            }
          }
        }
      ],
      "type": "paragraph",
      "annotations": [],
      "slots": {},
      "location": {
        "start": {
          "line": 32
        },
        "end": {
          "line": 33
        }
      }
    },
    {
      "$$mdtype": "Node",
      "errors": [],
      "lines": [
        34,
        35,
        36,
        37
      ],
      "inline": false,
      "attributes": {
        "region": "eu"
      },
      "children": [
        {
          "$$mdtype": "Node",
          "errors": [],
          "lines": [
            35,
            36
          ],
          "inline": false,
          "attributes": {},
          "children": [
            {
              "$$mdtype": "Node",
              "errors": [],
              "lines": [
                35,
                36
              ],
              "inline": false,
              "attributes": {},
              "children": [
                {
                  "$$mdtype": "Node",
                  "errors": [],
                  "lines": [
                    35,
                    36
                  ],
                  "inline": true,
                  "attributes": {
                    "content": "This is the content for the EU region only."
                  },
                  "children": [],
                  "type": "text",
                  "annotations": [],
                  "slots": {},
                  "location": {
                    "start": {
                      "line": 35
                    },
                    "end": {
                      "line": 36
                    }
                  }
                }
              ],
              "type": "inline",
              "annotations": [],
              "slots": {},
              "location": {
                "start": {
                  "line": 35
                },
                "end": {
                  "line": 36
                }
              }
            }
          ],
          "type": "paragraph",
          "annotations": [],
          "slots": {},
          "location": {
            "start": {
              "line": 35
            },
            "end": {
              "line": 36
            }
          }
        }
      ],
      "type": "tag",
      "tag": "site-region",
      "annotations": [
        {
          "type": "attribute",
          "name": "region",
          "value": "eu"
        }
      ],
      "slots": {},
      "location": {
        "start": {
          "line": 34
        },
        "end": {
          "line": 35
        }
      }
    },
    {
      "$$mdtype": "Node",
      "errors": [],
      "lines": [
        38,
        39
      ],
      "inline": false,
      "attributes": {
        "level": 3
      },
      "children": [
        {
          "$$mdtype": "Node",
          "errors": [],
          "lines": [
            38,
            39
          ],
          "inline": false,
          "attributes": {},
          "children": [
            {
              "$$mdtype": "Node",
              "errors": [],
              "lines": [
                38,
                39
              ],
              "inline": true,
              "attributes": {
                "content": "tabs and tab"
              },
              "children": [],
              "type": "text",
              "annotations": [],
              "slots": {},
              "location": {
                "start": {
                  "line": 38
                },
                "end": {
                  "line": 39
                }
              }
            }
          ],
          "type": "inline",
          "annotations": [],
          "slots": {},
          "location": {
            "start": {
              "line": 38
            },
            "end": {
              "line": 39
            }
          }
        }
      ],
      "type": "heading",
      "annotations": [],
      "slots": {},
      "location": {
        "start": {
          "line": 38
        },
        "end": {
          "line": 39
        }
      }
    },
    {
      "$$mdtype": "Node",
      "errors": [],
      "lines": [
        40,
        41,
        47,
        48
      ],
      "inline": false,
      "attributes": {},
      "children": [
        {
          "$$mdtype": "Node",
          "errors": [],
          "lines": [
            41,
            42,
            43,
            44
          ],
          "inline": false,
          "attributes": {
            "primary": "Tab 1"
          },
          "children": [
            {
              "$$mdtype": "Node",
              "errors": [],
              "lines": [
                42,
                43
              ],
              "inline": false,
              "attributes": {},
              "children": [
                {
                  "$$mdtype": "Node",
                  "errors": [],
                  "lines": [
                    42,
                    43
                  ],
                  "inline": false,
                  "attributes": {},
                  "children": [
                    {
                      "$$mdtype": "Node",
                      "errors": [],
                      "lines": [
                        42,
                        43
                      ],
                      "inline": true,
                      "attributes": {
                        "content": "This is the content for Tab 1."
                      },
                      "children": [],
                      "type": "text",
                      "annotations": [],
                      "slots": {},
                      "location": {
                        "start": {
                          "line": 42
                        },
                        "end": {
                          "line": 43
                        }
                      }
                    }
                  ],
                  "type": "inline",
                  "annotations": [],
                  "slots": {},
                  "location": {
                    "start": {
                      "line": 42
                    },
                    "end": {
                      "line": 43
                    }
                  }
                }
              ],
              "type": "paragraph",
              "annotations": [],
              "slots": {},
              "location": {
                "start": {
                  "line": 42
                },
                "end": {
                  "line": 43
                }
              }
            }
          ],
          "type": "tag",
          "tag": "tab",
          "annotations": [
            {
              "type": "attribute",
              "name": "primary",
              "value": "Tab 1"
            }
          ],
          "slots": {},
          "location": {
            "start": {
              "line": 41
            },
            "end": {
              "line": 42
            }
          }
        },
        {
          "$$mdtype": "Node",
          "errors": [],
          "lines": [
            44,
            45,
            46,
            47
          ],
          "inline": false,
          "attributes": {
            "primary": "Tab 2"
          },
          "children": [
            {
              "$$mdtype": "Node",
              "errors": [],
              "lines": [
                45,
                46
              ],
              "inline": false,
              "attributes": {},
              "children": [
                {
                  "$$mdtype": "Node",
                  "errors": [],
                  "lines": [
                    45,
                    46
                  ],
                  "inline": false,
                  "attributes": {},
                  "children": [
                    {
                      "$$mdtype": "Node",
                      "errors": [],
                      "lines": [
                        45,
                        46
                      ],
                      "inline": true,
                      "attributes": {
                        "content": "This is the content for Tab 2."
                      },
                      "children": [],
                      "type": "text",
                      "annotations": [],
                      "slots": {},
                      "location": {
                        "start": {
                          "line": 45
                        },
                        "end": {
                          "line": 46
                        }
                      }
                    }
                  ],
                  "type": "inline",
                  "annotations": [],
                  "slots": {},
                  "location": {
                    "start": {
                      "line": 45
                    },
                    "end": {
                      "line": 46
                    }
                  }
                }
              ],
              "type": "paragraph",
              "annotations": [],
              "slots": {},
              "location": {
                "start": {
                  "line": 45
                },
                "end": {
                  "line": 46
                }
              }
            }
          ],
          "type": "tag",
          "tag": "tab",
          "annotations": [
            {
              "type": "attribute",
              "name": "primary",
              "value": "Tab 2"
            }
          ],
          "slots": {},
          "location": {
            "start": {
              "line": 44
            },
            "end": {
              "line": 45
            }
          }
        }
      ],
      "type": "tag",
      "tag": "tabs",
      "annotations": [],
      "slots": {},
      "location": {
        "start": {
          "line": 40
        },
        "end": {
          "line": 41
        }
      }
    }
  ],
  "type": "document",
  "annotations": [],
  "slots": {}
}