["/elements/alert.mdoc","/elements/code_block.mdoc","/elements/description_list.mdoc","/elements/image.mdoc","/elements/region_param.mdoc","/elements/site_region.mdoc","/elements/table.mdoc","/elements/tabs.mdoc","/primary_colors.mdoc","/traffic_light_colors.mdoc"]