<div id="markdoc-chooser">
  <div>
    <div class="markdoc-pref__container">
      <div class="markdoc-pref__label">Color</div>
      <div class="markdoc-pref__pill" data-pref-id="color" data-option-id="red">
        Red
      </div>
      <div
        class="markdoc-pref__pill"
        data-pref-id="color"
        data-option-id="yellow"
      >
        Yellow
      </div>
      <div
        class="markdoc-pref__pill selected"
        data-pref-id="color"
        data-option-id="blue"
      >
        Blue
      </div>
    </div>
    <hr />
  </div>
</div>
<div id="markdoc-content customizable">
  <article>
    <h2>Usage</h2>
    <ul>
      <li>
        Markdown tags are <strong>not</strong> supported in code blocks. Use
        only plaintext code within code blocks.
      </li>
      <li>The default language for code blocks is <code>text</code>.</li>
    </ul>
    <h2>Simple example</h2>
    <div class="code-snippet-wrapper">
      <div class="code-filename-wrapper d-flex justify-content-end collapsible">
        <div class="js-code-block-visibility-toggle">
          <div class="chevron chevron-down d-none"></div>
          <div class="chevron chevron-up"></div>
        </div>
      </div>
      <div class="code-snippet">
        <div class="code-button-wrapper position-absolute">
          <button class="btn text-primary js-copy-button">Copy</button>
        </div>
        <div class="highlight code-snippet js-appended-copy-btn">
          <div class="code-button-wrapper position-absolute">
            <button class="btn text-primary js-copy-button">Copy</button>
          </div>
          <pre
            tabindex="0"
            class="chroma"
          ><code><span class="line"><span class="cl"><span class="c1">// Function to compute the product of p1 and p2
</span></span></span><span class="line"><span class="cl"><span class="c1"></span><span class="kd">function</span> <span class="nx">myFunction</span><span class="p">(</span><span class="nx">p1</span><span class="p">,</span> <span class="nx">p2</span><span class="p">)</span> <span class="p">{</span>
</span></span><span class="line"><span class="cl">  <span class="k">return</span> <span class="nx">p1</span> <span class="o">*</span> <span class="nx">p2</span><span class="p">;</span>
</span></span><span class="line"><span class="cl"><span class="p">}</span>
</span></span></code></pre>
        </div>
      </div>
    </div>
    <h3>Indented code blocks</h3>
    <ol>
      <li>
        Item 1 includes some code:
        <div class="code-snippet-wrapper">
          <div
            class="code-filename-wrapper d-flex justify-content-end collapsible"
          >
            <div class="js-code-block-visibility-toggle">
              <div class="chevron chevron-down d-none"></div>
              <div class="chevron chevron-up"></div>
            </div>
          </div>
          <div class="code-snippet">
            <div class="code-button-wrapper position-absolute">
              <button class="btn text-primary js-copy-button">Copy</button>
            </div>
            <div class="highlight code-snippet js-appended-copy-btn">
              <div class="code-button-wrapper position-absolute">
                <button class="btn text-primary js-copy-button">Copy</button>
              </div>
              <pre
                tabindex="0"
                class="chroma"
              ><code><span class="line"><span class="cl"><span class="c1"># Function to compute the product of p1 and p2</span>
</span></span><span class="line"><span class="cl"><span class="k">def</span> <span class="nf">myFunction</span><span class="p">(</span><span class="n">p1</span><span class="p">,</span> <span class="n">p2</span><span class="p">):</span>
</span></span><span class="line"><span class="cl">    <span class="k">return</span> <span class="n">p1</span> <span class="o">*</span> <span class="n">p2</span>
</span></span></code></pre>
            </div>
          </div>
        </div>
      </li>
      <li>This is Item 2. It has no code.</li>
      <li>
        This step has its own steps, and one of them has code:
        <ul>
          <li>Step 1: Step one would go here.</li>
          <li>Step 2: Step two would go here.</li>
          <li>
            Step 3: Step three would go here. It has some code:
            <div class="code-snippet-wrapper">
              <div
                class="code-filename-wrapper d-flex justify-content-end collapsible"
              >
                <div class="js-code-block-visibility-toggle">
                  <div class="chevron chevron-down d-none"></div>
                  <div class="chevron chevron-up"></div>
                </div>
              </div>
              <div class="code-snippet">
                <div class="code-button-wrapper position-absolute">
                  <button class="btn text-primary js-copy-button">Copy</button>
                </div>
                <div class="highlight code-snippet js-appended-copy-btn">
                  <div class="code-button-wrapper position-absolute">
                    <button class="btn text-primary js-copy-button">
                      Copy
                    </button>
                  </div>
                  <pre
                    tabindex="0"
                    class="chroma"
                  ><code><span class="line"><span class="cl"><span class="c1">// Function to compute the product of p1 and p2
</span></span></span><span class="line"><span class="cl"><span class="c1"></span><span class="kd">function</span> <span class="nx">myFunction</span><span class="p">(</span><span class="nx">p1</span><span class="p">,</span> <span class="nx">p2</span><span class="p">)</span> <span class="p">{</span>
</span></span><span class="line"><span class="cl">  <span class="k">return</span> <span class="nx">p1</span> <span class="o">*</span> <span class="nx">p2</span><span class="p">;</span>
</span></span><span class="line"><span class="cl"><span class="p">}</span>
</span></span></code></pre>
                </div>
              </div>
            </div>
          </li>
          <li>Step 4: Step four would go here.</li>
        </ul>
      </li>
    </ol>
  </article>
</div>
<div
  x-init='const initPage = () => { clientRenderer.initialize({ pagePrefsConfig: [ { "n":
"Color", "i": "color", "o": "primary_color_options" } ], prefOptionsConfig: {
"primary_color_options": [ { "n": "Red", "i": "red" }, { "n": "Yellow", "i":
"yellow" }, { "n": "Blue", "d": true, "i": "blue" } ] }, selectedValsByPrefId: {
"color": "blue" }, ifFunctionsByRef: {} }); }; if (document.readyState ===
"complete" || document.readyState === "interactive") { setTimeout(initPage, 1);
} else { document.addEventListener("DOMContentLoaded", initPage); }
'
></div>
