Error reading or parsing the prefs allowlist file at /missing_pref_display_name/prefs.yaml: [
  {
    "validation": "regex",
    "code": "invalid_string",
    "message": "Invalid",
    "path": [
      2,
      "id"
    ]
  }
]