ENOENT: no such file or directory, scandir '/allowlists__missing_pref_display_name/option_sets'