ENOENT: no such file or directory, scandir '/allowlists__duplicate_option_id/option_sets'