ENOENT: no such file or directory, scandir '/allowlists__extra_options_data/option_sets'