ENOENT: no such file or directory, scandir '/allowlists__missing_options_allowlist/option_sets'