{
  "$$mdtype": "Node",
  "errors": [],
  "lines": [],
  "inline": false,
  "attributes": {
    "frontmatter": "title: Code Block\npage_preferences:\n  - display_name: \"Color\"\n    id: color\n    options_source: primary_color_options"
  },
  "children": [
    {
      "$$mdtype": "Node",
      "errors": [],
      "lines": [
        8,
        9
      ],
      "inline": false,
      "attributes": {
        "level": 2
      },
      "children": [
        {
          "$$mdtype": "Node",
          "errors": [],
          "lines": [
            8,
            9
          ],
          "inline": false,
          "attributes": {},
          "children": [
            {
              "$$mdtype": "Node",
              "errors": [],
              "lines": [
                8,
                9
              ],
              "inline": true,
              "attributes": {
                "content": "Usage"
              },
              "children": [],
              "type": "text",
              "annotations": [],
              "slots": {},
              "location": {
                "start": {
                  "line": 8
                },
                "end": {
                  "line": 9
                }
              }
            }
          ],
          "type": "inline",
          "annotations": [],
          "slots": {},
          "location": {
            "start": {
              "line": 8
            },
            "end": {
              "line": 9
            }
          }
        }
      ],
      "type": "heading",
      "annotations": [],
      "slots": {},
      "location": {
        "start": {
          "line": 8
        },
        "end": {
          "line": 9
        }
      }
    },
    {
      "$$mdtype": "Node",
      "errors": [],
      "lines": [
        10,
        13
      ],
      "inline": false,
      "attributes": {
        "ordered": false,
        "marker": "-"
      },
      "children": [
        {
          "$$mdtype": "Node",
          "errors": [],
          "lines": [
            10,
            11
          ],
          "inline": false,
          "attributes": {},
          "children": [
            {
              "$$mdtype": "Node",
              "errors": [],
              "lines": [
                10,
                11
              ],
              "inline": false,
              "attributes": {},
              "children": [
                {
                  "$$mdtype": "Node",
                  "errors": [],
                  "lines": [
                    10,
                    11
                  ],
                  "inline": true,
                  "attributes": {
                    "content": "Markdown tags are "
                  },
                  "children": [],
                  "type": "text",
                  "annotations": [],
                  "slots": {},
                  "location": {
                    "start": {
                      "line": 10
                    },
                    "end": {
                      "line": 11
                    }
                  }
                },
                {
                  "$$mdtype": "Node",
                  "errors": [],
                  "lines": [
                    10,
                    11
                  ],
                  "inline": true,
                  "attributes": {
                    "marker": "**"
                  },
                  "children": [
                    {
                      "$$mdtype": "Node",
                      "errors": [],
                      "lines": [
                        10,
                        11
                      ],
                      "inline": true,
                      "attributes": {
                        "content": "not"
                      },
                      "children": [],
                      "type": "text",
                      "annotations": [],
                      "slots": {},
                      "location": {
                        "start": {
                          "line": 10
                        },
                        "end": {
                          "line": 11
                        }
                      }
                    }
                  ],
                  "type": "strong",
                  "annotations": [],
                  "slots": {},
                  "location": {
                    "start": {
                      "line": 10
                    },
                    "end": {
                      "line": 11
                    }
                  }
                },
                {
                  "$$mdtype": "Node",
                  "errors": [],
                  "lines": [
                    10,
                    11
                  ],
                  "inline": true,
                  "attributes": {
                    "content": " supported in code blocks. Use only plaintext code within code blocks."
                  },
                  "children": [],
                  "type": "text",
                  "annotations": [],
                  "slots": {},
                  "location": {
                    "start": {
                      "line": 10
                    },
                    "end": {
                      "line": 11
                    }
                  }
                }
              ],
              "type": "inline",
              "annotations": [],
              "slots": {},
              "location": {
                "start": {
                  "line": 10
                },
                "end": {
                  "line": 11
                }
              }
            }
          ],
          "type": "item",
          "annotations": [],
          "slots": {},
          "location": {
            "start": {
              "line": 10
            },
            "end": {
              "line": 11
            }
          }
        },
        {
          "$$mdtype": "Node",
          "errors": [],
          "lines": [
            11,
            13
          ],
          "inline": false,
          "attributes": {},
          "children": [
            {
              "$$mdtype": "Node",
              "errors": [],
              "lines": [
                11,
                12
              ],
              "inline": false,
              "attributes": {},
              "children": [
                {
                  "$$mdtype": "Node",
                  "errors": [],
                  "lines": [
                    11,
                    12
                  ],
                  "inline": true,
                  "attributes": {
                    "content": "The default language for code blocks is "
                  },
                  "children": [],
                  "type": "text",
                  "annotations": [],
                  "slots": {},
                  "location": {
                    "start": {
                      "line": 11
                    },
                    "end": {
                      "line": 12
                    }
                  }
                },
                {
                  "$$mdtype": "Node",
                  "errors": [],
                  "lines": [
                    11,
                    12
                  ],
                  "inline": true,
                  "attributes": {
                    "content": "text"
                  },
                  "children": [],
                  "type": "code",
                  "annotations": [],
                  "slots": {},
                  "location": {
                    "start": {
                      "line": 11
                    },
                    "end": {
                      "line": 12
                    }
                  }
                },
                {
                  "$$mdtype": "Node",
                  "errors": [],
                  "lines": [
                    11,
                    12
                  ],
                  "inline": true,
                  "attributes": {
                    "content": "."
                  },
                  "children": [],
                  "type": "text",
                  "annotations": [],
                  "slots": {},
                  "location": {
                    "start": {
                      "line": 11
                    },
                    "end": {
                      "line": 12
                    }
                  }
                }
              ],
              "type": "inline",
              "annotations": [],
              "slots": {},
              "location": {
                "start": {
                  "line": 11
                },
                "end": {
                  "line": 12
                }
              }
            }
          ],
          "type": "item",
          "annotations": [],
          "slots": {},
          "location": {
            "start": {
              "line": 11
            },
            "end": {
              "line": 13
            }
          }
        }
      ],
      "type": "list",
      "annotations": [],
      "slots": {},
      "location": {
        "start": {
          "line": 10
        },
        "end": {
          "line": 13
        }
      }
    },
    {
      "$$mdtype": "Node",
      "errors": [],
      "lines": [
        13,
        14
      ],
      "inline": false,
      "attributes": {
        "level": 2
      },
      "children": [
        {
          "$$mdtype": "Node",
          "errors": [],
          "lines": [
            13,
            14
          ],
          "inline": false,
          "attributes": {},
          "children": [
            {
              "$$mdtype": "Node",
              "errors": [],
              "lines": [
                13,
                14
              ],
              "inline": true,
              "attributes": {
                "content": "Simple example"
              },
              "children": [],
              "type": "text",
              "annotations": [],
              "slots": {},
              "location": {
                "start": {
                  "line": 13
                },
                "end": {
                  "line": 14
                }
              }
            }
          ],
          "type": "inline",
          "annotations": [],
          "slots": {},
          "location": {
            "start": {
              "line": 13
            },
            "end": {
              "line": 14
            }
          }
        }
      ],
      "type": "heading",
      "annotations": [],
      "slots": {},
      "location": {
        "start": {
          "line": 13
        },
        "end": {
          "line": 14
        }
      }
    },
    {
      "$$mdtype": "Node",
      "errors": [],
      "lines": [
        15,
        21
      ],
      "inline": false,
      "attributes": {
        "content": "// Function to compute the product of p1 and p2\nfunction myFunction(p1, p2) {\n  return p1 * p2;\n}\n",
        "language": "javascript"
      },
      "children": [
        {
          "$$mdtype": "Node",
          "errors": [],
          "lines": [
            15,
            21
          ],
          "inline": false,
          "attributes": {
            "content": "// Function to compute the product of p1 and p2\nfunction myFunction(p1, p2) {\n  return p1 * p2;\n}\n"
          },
          "children": [],
          "type": "text",
          "annotations": [],
          "slots": {},
          "location": {
            "start": {
              "line": 15
            },
            "end": {
              "line": 21
            }
          }
        }
      ],
      "type": "fence",
      "annotations": [],
      "slots": {},
      "location": {
        "start": {
          "line": 15
        },
        "end": {
          "line": 21
        }
      }
    },
    {
      "$$mdtype": "Node",
      "errors": [],
      "lines": [
        22,
        23
      ],
      "inline": false,
      "attributes": {
        "level": 3
      },
      "children": [
        {
          "$$mdtype": "Node",
          "errors": [],
          "lines": [
            22,
            23
          ],
          "inline": false,
          "attributes": {},
          "children": [
            {
              "$$mdtype": "Node",
              "errors": [],
              "lines": [
                22,
                23
              ],
              "inline": true,
              "attributes": {
                "content": "Indented code blocks"
              },
              "children": [],
              "type": "text",
              "annotations": [],
              "slots": {},
              "location": {
                "start": {
                  "line": 22
                },
                "end": {
                  "line": 23
                }
              }
            }
          ],
          "type": "inline",
          "annotations": [],
          "slots": {},
          "location": {
            "start": {
              "line": 22
            },
            "end": {
              "line": 23
            }
          }
        }
      ],
      "type": "heading",
      "annotations": [],
      "slots": {},
      "location": {
        "start": {
          "line": 22
        },
        "end": {
          "line": 23
        }
      }
    },
    {
      "$$mdtype": "Node",
      "errors": [],
      "lines": [
        24,
        42
      ],
      "inline": false,
      "attributes": {
        "ordered": true,
        "marker": "."
      },
      "children": [
        {
          "$$mdtype": "Node",
          "errors": [],
          "lines": [
            24,
            30
          ],
          "inline": false,
          "attributes": {},
          "children": [
            {
              "$$mdtype": "Node",
              "errors": [],
              "lines": [
                24,
                25
              ],
              "inline": false,
              "attributes": {},
              "children": [
                {
                  "$$mdtype": "Node",
                  "errors": [],
                  "lines": [
                    24,
                    25
                  ],
                  "inline": true,
                  "attributes": {
                    "content": "Item 1 includes some code:"
                  },
                  "children": [],
                  "type": "text",
                  "annotations": [],
                  "slots": {},
                  "location": {
                    "start": {
                      "line": 24
                    },
                    "end": {
                      "line": 25
                    }
                  }
                }
              ],
              "type": "inline",
              "annotations": [],
              "slots": {},
              "location": {
                "start": {
                  "line": 24
                },
                "end": {
                  "line": 25
                }
              }
            },
            {
              "$$mdtype": "Node",
              "errors": [],
              "lines": [
                25,
                30
              ],
              "inline": false,
              "attributes": {
                "content": "# Function to compute the product of p1 and p2\ndef myFunction(p1, p2):\n    return p1 * p2\n",
                "language": "python"
              },
              "children": [
                {
                  "$$mdtype": "Node",
                  "errors": [],
                  "lines": [
                    25,
                    30
                  ],
                  "inline": false,
                  "attributes": {
                    "content": "# Function to compute the product of p1 and p2\ndef myFunction(p1, p2):\n    return p1 * p2\n"
                  },
                  "children": [],
                  "type": "text",
                  "annotations": [],
                  "slots": {},
                  "location": {
                    "start": {
                      "line": 25
                    },
                    "end": {
                      "line": 30
                    }
                  }
                }
              ],
              "type": "fence",
              "annotations": [],
              "slots": {},
              "location": {
                "start": {
                  "line": 25
                },
                "end": {
                  "line": 30
                }
              }
            }
          ],
          "type": "item",
          "annotations": [],
          "slots": {},
          "location": {
            "start": {
              "line": 24
            },
            "end": {
              "line": 30
            }
          }
        },
        {
          "$$mdtype": "Node",
          "errors": [],
          "lines": [
            30,
            31
          ],
          "inline": false,
          "attributes": {},
          "children": [
            {
              "$$mdtype": "Node",
              "errors": [],
              "lines": [
                30,
                31
              ],
              "inline": false,
              "attributes": {},
              "children": [
                {
                  "$$mdtype": "Node",
                  "errors": [],
                  "lines": [
                    30,
                    31
                  ],
                  "inline": true,
                  "attributes": {
                    "content": "This is Item 2. It has no code."
                  },
                  "children": [],
                  "type": "text",
                  "annotations": [],
                  "slots": {},
                  "location": {
                    "start": {
                      "line": 30
                    },
                    "end": {
                      "line": 31
                    }
                  }
                }
              ],
              "type": "inline",
              "annotations": [],
              "slots": {},
              "location": {
                "start": {
                  "line": 30
                },
                "end": {
                  "line": 31
                }
              }
            }
          ],
          "type": "item",
          "annotations": [],
          "slots": {},
          "location": {
            "start": {
              "line": 30
            },
            "end": {
              "line": 31
            }
          }
        },
        {
          "$$mdtype": "Node",
          "errors": [],
          "lines": [
            31,
            42
          ],
          "inline": false,
          "attributes": {},
          "children": [
            {
              "$$mdtype": "Node",
              "errors": [],
              "lines": [
                31,
                32
              ],
              "inline": false,
              "attributes": {},
              "children": [
                {
                  "$$mdtype": "Node",
                  "errors": [],
                  "lines": [
                    31,
                    32
                  ],
                  "inline": true,
                  "attributes": {
                    "content": "This step has its own steps, and one of them has code:"
                  },
                  "children": [],
                  "type": "text",
                  "annotations": [],
                  "slots": {},
                  "location": {
                    "start": {
                      "line": 31
                    },
                    "end": {
                      "line": 32
                    }
                  }
                }
              ],
              "type": "inline",
              "annotations": [],
              "slots": {},
              "location": {
                "start": {
                  "line": 31
                },
                "end": {
                  "line": 32
                }
              }
            },
            {
              "$$mdtype": "Node",
              "errors": [],
              "lines": [
                32,
                42
              ],
              "inline": false,
              "attributes": {
                "ordered": false,
                "marker": "-"
              },
              "children": [
                {
                  "$$mdtype": "Node",
                  "errors": [],
                  "lines": [
                    32,
                    33
                  ],
                  "inline": false,
                  "attributes": {},
                  "children": [
                    {
                      "$$mdtype": "Node",
                      "errors": [],
                      "lines": [
                        32,
                        33
                      ],
                      "inline": false,
                      "attributes": {},
                      "children": [
                        {
                          "$$mdtype": "Node",
                          "errors": [],
                          "lines": [
                            32,
                            33
                          ],
                          "inline": true,
                          "attributes": {
                            "content": "Step 1: Step one would go here."
                          },
                          "children": [],
                          "type": "text",
                          "annotations": [],
                          "slots": {},
                          "location": {
                            "start": {
                              "line": 32
                            },
                            "end": {
                              "line": 33
                            }
                          }
                        }
                      ],
                      "type": "inline",
                      "annotations": [],
                      "slots": {},
                      "location": {
                        "start": {
                          "line": 32
                        },
                        "end": {
                          "line": 33
                        }
                      }
                    }
                  ],
                  "type": "item",
                  "annotations": [],
                  "slots": {},
                  "location": {
                    "start": {
                      "line": 32
                    },
                    "end": {
                      "line": 33
                    }
                  }
                },
                {
                  "$$mdtype": "Node",
                  "errors": [],
                  "lines": [
                    33,
                    34
                  ],
                  "inline": false,
                  "attributes": {},
                  "children": [
                    {
                      "$$mdtype": "Node",
                      "errors": [],
                      "lines": [
                        33,
                        34
                      ],
                      "inline": false,
                      "attributes": {},
                      "children": [
                        {
                          "$$mdtype": "Node",
                          "errors": [],
                          "lines": [
                            33,
                            34
                          ],
                          "inline": true,
                          "attributes": {
                            "content": "Step 2: Step two would go here."
                          },
                          "children": [],
                          "type": "text",
                          "annotations": [],
                          "slots": {},
                          "location": {
                            "start": {
                              "line": 33
                            },
                            "end": {
                              "line": 34
                            }
                          }
                        }
                      ],
                      "type": "inline",
                      "annotations": [],
                      "slots": {},
                      "location": {
                        "start": {
                          "line": 33
                        },
                        "end": {
                          "line": 34
                        }
                      }
                    }
                  ],
                  "type": "item",
                  "annotations": [],
                  "slots": {},
                  "location": {
                    "start": {
                      "line": 33
                    },
                    "end": {
                      "line": 34
                    }
                  }
                },
                {
                  "$$mdtype": "Node",
                  "errors": [],
                  "lines": [
                    34,
                    41
                  ],
                  "inline": false,
                  "attributes": {},
                  "children": [
                    {
                      "$$mdtype": "Node",
                      "errors": [],
                      "lines": [
                        34,
                        35
                      ],
                      "inline": false,
                      "attributes": {},
                      "children": [
                        {
                          "$$mdtype": "Node",
                          "errors": [],
                          "lines": [
                            34,
                            35
                          ],
                          "inline": true,
                          "attributes": {
                            "content": "Step 3: Step three would go here. It has some code:"
                          },
                          "children": [],
                          "type": "text",
                          "annotations": [],
                          "slots": {},
                          "location": {
                            "start": {
                              "line": 34
                            },
                            "end": {
                              "line": 35
                            }
                          }
                        }
                      ],
                      "type": "inline",
                      "annotations": [],
                      "slots": {},
                      "location": {
                        "start": {
                          "line": 34
                        },
                        "end": {
                          "line": 35
                        }
                      }
                    },
                    {
                      "$$mdtype": "Node",
                      "errors": [],
                      "lines": [
                        35,
                        41
                      ],
                      "inline": false,
                      "attributes": {
                        "content": "// Function to compute the product of p1 and p2\nfunction myFunction(p1, p2) {\n  return p1 * p2;\n}\n",
                        "language": "javascript"
                      },
                      "children": [
                        {
                          "$$mdtype": "Node",
                          "errors": [],
                          "lines": [
                            35,
                            41
                          ],
                          "inline": false,
                          "attributes": {
                            "content": "// Function to compute the product of p1 and p2\nfunction myFunction(p1, p2) {\n  return p1 * p2;\n}\n"
                          },
                          "children": [],
                          "type": "text",
                          "annotations": [],
                          "slots": {},
                          "location": {
                            "start": {
                              "line": 35
                            },
                            "end": {
                              "line": 41
                            }
                          }
                        }
                      ],
                      "type": "fence",
                      "annotations": [],
                      "slots": {},
                      "location": {
                        "start": {
                          "line": 35
                        },
                        "end": {
                          "line": 41
                        }
                      }
                    }
                  ],
                  "type": "item",
                  "annotations": [],
                  "slots": {},
                  "location": {
                    "start": {
                      "line": 34
                    },
                    "end": {
                      "line": 41
                    }
                  }
                },
                {
                  "$$mdtype": "Node",
                  "errors": [],
                  "lines": [
                    41,
                    42
                  ],
                  "inline": false,
                  "attributes": {},
                  "children": [
                    {
                      "$$mdtype": "Node",
                      "errors": [],
                      "lines": [
                        41,
                        42
                      ],
                      "inline": false,
                      "attributes": {},
                      "children": [
                        {
                          "$$mdtype": "Node",
                          "errors": [],
                          "lines": [
                            41,
                            42
                          ],
                          "inline": true,
                          "attributes": {
                            "content": "Step 4: Step four would go here."
                          },
                          "children": [],
                          "type": "text",
                          "annotations": [],
                          "slots": {},
                          "location": {
                            "start": {
                              "line": 41
                            },
                            "end": {
                              "line": 42
                            }
                          }
                        }
                      ],
                      "type": "inline",
                      "annotations": [],
                      "slots": {},
                      "location": {
                        "start": {
                          "line": 41
                        },
                        "end": {
                          "line": 42
                        }
                      }
                    }
                  ],
                  "type": "item",
                  "annotations": [],
                  "slots": {},
                  "location": {
                    "start": {
                      "line": 41
                    },
                    "end": {
                      "line": 42
                    }
                  }
                }
              ],
              "type": "list",
              "annotations": [],
              "slots": {},
              "location": {
                "start": {
                  "line": 32
                },
                "end": {
                  "line": 42
                }
              }
            }
          ],
          "type": "item",
          "annotations": [],
          "slots": {},
          "location": {
            "start": {
              "line": 31
            },
            "end": {
              "line": 42
            }
          }
        }
      ],
      "type": "list",
      "annotations": [],
      "slots": {},
      "location": {
        "start": {
          "line": 24
        },
        "end": {
          "line": 42
        }
      }
    }
  ],
  "type": "document",
  "annotations": [],
  "slots": {}
}