{
  "prefs": [
    {
      "id": "color",
      "display_name": "Color"
    }
  ],
  "options": [
    {
      "id": "red",
      "display_name": "Red"
    },
    {
      "id": "blue",
      "display_name": "Blue"
    },
    {
      "id": "yellow",
      "display_name": "Yellow"
    },
    {
      "id": "ocean",
      "display_name": "Ocean"
    },
    {
      "id": "sky",
      "display_name": "Sky"
    },
    {
      "id": "jeans",
      "display_name": "Jeans"
    },
    {
      "id": "blueberry",
      "display_name": "Blueberry"
    },
    {
      "id": "grass",
      "display_name": "Grass"
    },
    {
      "id": "emerald",
      "display_name": "Emerald"
    },
    {
      "id": "lime",
      "display_name": "Lime"
    },
    {
      "id": "frog",
      "display_name": "Frog"
    },
    {
      "id": "ruby",
      "display_name": "Ruby"
    },
    {
      "id": "apple",
      "display_name": "Apple"
    },
    {
      "id": "firetruck",
      "display_name": "Firetruck"
    },
    {
      "id": "stop_sign",
      "display_name": "Stop sign"
    },
    {
      "id": "banana",
      "display_name": "Banana"
    },
    {
      "id": "sunflower",
      "display_name": "Sunflower"
    },
    {
      "id": "lemon",
      "display_name": "Lemon"
    },
    {
      "id": "school_bus",
      "display_name": "School bus"
    }
  ]
}