{
  "$$mdtype": "Node",
  "errors": [],
  "lines": [],
  "inline": false,
  "attributes": {
    "frontmatter": "title: Alerts"
  },
  "children": [
    {
      "$$mdtype": "Node",
      "errors": [],
      "lines": [
        4,
        5
      ],
      "inline": false,
      "attributes": {
        "level": 2
      },
      "children": [
        {
          "$$mdtype": "Node",
          "errors": [],
          "lines": [
            4,
            5
          ],
          "inline": false,
          "attributes": {},
          "children": [
            {
              "$$mdtype": "Node",
              "errors": [],
              "lines": [
                4,
                5
              ],
              "inline": true,
              "attributes": {
                "content": "Types"
              },
              "children": [],
              "type": "text",
              "annotations": [],
              "slots": {},
              "location": {
                "start": {
                  "line": 4
                },
                "end": {
                  "line": 5
                }
              }
            }
          ],
          "type": "inline",
          "annotations": [],
          "slots": {},
          "location": {
            "start": {
              "line": 4
            },
            "end": {
              "line": 5
            }
          }
        }
      ],
      "type": "heading",
      "annotations": [],
      "slots": {},
      "location": {
        "start": {
          "line": 4
        },
        "end": {
          "line": 5
        }
      }
    },
    {
      "$$mdtype": "Node",
      "errors": [],
      "lines": [
        6,
        7
      ],
      "inline": false,
      "attributes": {
        "level": 3
      },
      "children": [
        {
          "$$mdtype": "Node",
          "errors": [],
          "lines": [
            6,
            7
          ],
          "inline": false,
          "attributes": {},
          "children": [
            {
              "$$mdtype": "Node",
              "errors": [],
              "lines": [
                6,
                7
              ],
              "inline": true,
              "attributes": {
                "content": "Info"
              },
              "children": [],
              "type": "text",
              "annotations": [],
              "slots": {},
              "location": {
                "start": {
                  "line": 6
                },
                "end": {
                  "line": 7
                }
              }
            }
          ],
          "type": "inline",
          "annotations": [],
          "slots": {},
          "location": {
            "start": {
              "line": 6
            },
            "end": {
              "line": 7
            }
          }
        }
      ],
      "type": "heading",
      "annotations": [],
      "slots": {},
      "location": {
        "start": {
          "line": 6
        },
        "end": {
          "line": 7
        }
      }
    },
    {
      "$$mdtype": "Node",
      "errors": [],
      "lines": [
        8,
        9,
        10,
        11
      ],
      "inline": false,
      "attributes": {
        "level": "info"
      },
      "children": [
        {
          "$$mdtype": "Node",
          "errors": [],
          "lines": [
            9,
            10
          ],
          "inline": false,
          "attributes": {},
          "children": [
            {
              "$$mdtype": "Node",
              "errors": [],
              "lines": [
                9,
                10
              ],
              "inline": false,
              "attributes": {},
              "children": [
                {
                  "$$mdtype": "Node",
                  "errors": [],
                  "lines": [
                    9,
                    10
                  ],
                  "inline": true,
                  "attributes": {
                    "content": "This is an info alert!"
                  },
                  "children": [],
                  "type": "text",
                  "annotations": [],
                  "slots": {},
                  "location": {
                    "start": {
                      "line": 9
                    },
                    "end": {
                      "line": 10
                    }
                  }
                }
              ],
              "type": "inline",
              "annotations": [],
              "slots": {},
              "location": {
                "start": {
                  "line": 9
                },
                "end": {
                  "line": 10
                }
              }
            }
          ],
          "type": "paragraph",
          "annotations": [],
          "slots": {},
          "location": {
            "start": {
              "line": 9
            },
            "end": {
              "line": 10
            }
          }
        }
      ],
      "type": "tag",
      "tag": "alert",
      "annotations": [
        {
          "type": "attribute",
          "name": "level",
          "value": "info"
        }
      ],
      "slots": {},
      "location": {
        "start": {
          "line": 8
        },
        "end": {
          "line": 9
        }
      }
    },
    {
      "$$mdtype": "Node",
      "errors": [],
      "lines": [
        12,
        13
      ],
      "inline": false,
      "attributes": {
        "level": 3
      },
      "children": [
        {
          "$$mdtype": "Node",
          "errors": [],
          "lines": [
            12,
            13
          ],
          "inline": false,
          "attributes": {},
          "children": [
            {
              "$$mdtype": "Node",
              "errors": [],
              "lines": [
                12,
                13
              ],
              "inline": true,
              "attributes": {
                "content": "Warning"
              },
              "children": [],
              "type": "text",
              "annotations": [],
              "slots": {},
              "location": {
                "start": {
                  "line": 12
                },
                "end": {
                  "line": 13
                }
              }
            }
          ],
          "type": "inline",
          "annotations": [],
          "slots": {},
          "location": {
            "start": {
              "line": 12
            },
            "end": {
              "line": 13
            }
          }
        }
      ],
      "type": "heading",
      "annotations": [],
      "slots": {},
      "location": {
        "start": {
          "line": 12
        },
        "end": {
          "line": 13
        }
      }
    },
    {
      "$$mdtype": "Node",
      "errors": [],
      "lines": [
        14,
        15,
        16,
        17
      ],
      "inline": false,
      "attributes": {
        "level": "warning"
      },
      "children": [
        {
          "$$mdtype": "Node",
          "errors": [],
          "lines": [
            15,
            16
          ],
          "inline": false,
          "attributes": {},
          "children": [
            {
              "$$mdtype": "Node",
              "errors": [],
              "lines": [
                15,
                16
              ],
              "inline": false,
              "attributes": {},
              "children": [
                {
                  "$$mdtype": "Node",
                  "errors": [],
                  "lines": [
                    15,
                    16
                  ],
                  "inline": true,
                  "attributes": {
                    "content": "This is a warning alert!"
                  },
                  "children": [],
                  "type": "text",
                  "annotations": [],
                  "slots": {},
                  "location": {
                    "start": {
                      "line": 15
                    },
                    "end": {
                      "line": 16
                    }
                  }
                }
              ],
              "type": "inline",
              "annotations": [],
              "slots": {},
              "location": {
                "start": {
                  "line": 15
                },
                "end": {
                  "line": 16
                }
              }
            }
          ],
          "type": "paragraph",
          "annotations": [],
          "slots": {},
          "location": {
            "start": {
              "line": 15
            },
            "end": {
              "line": 16
            }
          }
        }
      ],
      "type": "tag",
      "tag": "alert",
      "annotations": [
        {
          "type": "attribute",
          "name": "level",
          "value": "warning"
        }
      ],
      "slots": {},
      "location": {
        "start": {
          "line": 14
        },
        "end": {
          "line": 15
        }
      }
    },
    {
      "$$mdtype": "Node",
      "errors": [],
      "lines": [
        18,
        19
      ],
      "inline": false,
      "attributes": {
        "level": 3
      },
      "children": [
        {
          "$$mdtype": "Node",
          "errors": [],
          "lines": [
            18,
            19
          ],
          "inline": false,
          "attributes": {},
          "children": [
            {
              "$$mdtype": "Node",
              "errors": [],
              "lines": [
                18,
                19
              ],
              "inline": true,
              "attributes": {
                "content": "Danger"
              },
              "children": [],
              "type": "text",
              "annotations": [],
              "slots": {},
              "location": {
                "start": {
                  "line": 18
                },
                "end": {
                  "line": 19
                }
              }
            }
          ],
          "type": "inline",
          "annotations": [],
          "slots": {},
          "location": {
            "start": {
              "line": 18
            },
            "end": {
              "line": 19
            }
          }
        }
      ],
      "type": "heading",
      "annotations": [],
      "slots": {},
      "location": {
        "start": {
          "line": 18
        },
        "end": {
          "line": 19
        }
      }
    },
    {
      "$$mdtype": "Node",
      "errors": [],
      "lines": [
        20,
        21,
        22,
        23
      ],
      "inline": false,
      "attributes": {
        "level": "danger"
      },
      "children": [
        {
          "$$mdtype": "Node",
          "errors": [],
          "lines": [
            21,
            22
          ],
          "inline": false,
          "attributes": {},
          "children": [
            {
              "$$mdtype": "Node",
              "errors": [],
              "lines": [
                21,
                22
              ],
              "inline": false,
              "attributes": {},
              "children": [
                {
                  "$$mdtype": "Node",
                  "errors": [],
                  "lines": [
                    21,
                    22
                  ],
                  "inline": true,
                  "attributes": {
                    "content": "This is a danger alert!"
                  },
                  "children": [],
                  "type": "text",
                  "annotations": [],
                  "slots": {},
                  "location": {
                    "start": {
                      "line": 21
                    },
                    "end": {
                      "line": 22
                    }
                  }
                }
              ],
              "type": "inline",
              "annotations": [],
              "slots": {},
              "location": {
                "start": {
                  "line": 21
                },
                "end": {
                  "line": 22
                }
              }
            }
          ],
          "type": "paragraph",
          "annotations": [],
          "slots": {},
          "location": {
            "start": {
              "line": 21
            },
            "end": {
              "line": 22
            }
          }
        }
      ],
      "type": "tag",
      "tag": "alert",
      "annotations": [
        {
          "type": "attribute",
          "name": "level",
          "value": "danger"
        }
      ],
      "slots": {},
      "location": {
        "start": {
          "line": 20
        },
        "end": {
          "line": 21
        }
      }
    },
    {
      "$$mdtype": "Node",
      "errors": [],
      "lines": [
        24,
        25
      ],
      "inline": false,
      "attributes": {
        "level": 2
      },
      "children": [
        {
          "$$mdtype": "Node",
          "errors": [],
          "lines": [
            24,
            25
          ],
          "inline": false,
          "attributes": {},
          "children": [
            {
              "$$mdtype": "Node",
              "errors": [],
              "lines": [
                24,
                25
              ],
              "inline": true,
              "attributes": {
                "content": "Advanced example"
              },
              "children": [],
              "type": "text",
              "annotations": [],
              "slots": {},
              "location": {
                "start": {
                  "line": 24
                },
                "end": {
                  "line": 25
                }
              }
            }
          ],
          "type": "inline",
          "annotations": [],
          "slots": {},
          "location": {
            "start": {
              "line": 24
            },
            "end": {
              "line": 25
            }
          }
        }
      ],
      "type": "heading",
      "annotations": [],
      "slots": {},
      "location": {
        "start": {
          "line": 24
        },
        "end": {
          "line": 25
        }
      }
    },
    {
      "$$mdtype": "Node",
      "errors": [],
      "lines": [
        26,
        27,
        30,
        31
      ],
      "inline": false,
      "attributes": {
        "level": "info"
      },
      "children": [
        {
          "$$mdtype": "Node",
          "errors": [],
          "lines": [
            27,
            28
          ],
          "inline": false,
          "attributes": {},
          "children": [
            {
              "$$mdtype": "Node",
              "errors": [],
              "lines": [
                27,
                28
              ],
              "inline": false,
              "attributes": {},
              "children": [
                {
                  "$$mdtype": "Node",
                  "errors": [],
                  "lines": [
                    27,
                    28
                  ],
                  "inline": true,
                  "attributes": {
                    "content": "The contents of the "
                  },
                  "children": [],
                  "type": "text",
                  "annotations": [],
                  "slots": {},
                  "location": {
                    "start": {
                      "line": 27
                    },
                    "end": {
                      "line": 28
                    }
                  }
                },
                {
                  "$$mdtype": "Node",
                  "errors": [],
                  "lines": [
                    27,
                    28
                  ],
                  "inline": true,
                  "attributes": {
                    "content": "alert"
                  },
                  "children": [],
                  "type": "code",
                  "annotations": [],
                  "slots": {},
                  "location": {
                    "start": {
                      "line": 27
                    },
                    "end": {
                      "line": 28
                    }
                  }
                },
                {
                  "$$mdtype": "Node",
                  "errors": [],
                  "lines": [
                    27,
                    28
                  ],
                  "inline": true,
                  "attributes": {
                    "content": " tag are written in Markdoc, not HTML. This means that you can use Markdoc syntax within the "
                  },
                  "children": [],
                  "type": "text",
                  "annotations": [],
                  "slots": {},
                  "location": {
                    "start": {
                      "line": 27
                    },
                    "end": {
                      "line": 28
                    }
                  }
                },
                {
                  "$$mdtype": "Node",
                  "errors": [],
                  "lines": [
                    27,
                    28
                  ],
                  "inline": true,
                  "attributes": {
                    "content": "alert"
                  },
                  "children": [],
                  "type": "code",
                  "annotations": [],
                  "slots": {},
                  "location": {
                    "start": {
                      "line": 27
                    },
                    "end": {
                      "line": 28
                    }
                  }
                },
                {
                  "$$mdtype": "Node",
                  "errors": [],
                  "lines": [
                    27,
                    28
                  ],
                  "inline": true,
                  "attributes": {
                    "content": " tag, such as a reference-style "
                  },
                  "children": [],
                  "type": "text",
                  "annotations": [],
                  "slots": {},
                  "location": {
                    "start": {
                      "line": 27
                    },
                    "end": {
                      "line": 28
                    }
                  }
                },
                {
                  "$$mdtype": "Node",
                  "errors": [],
                  "lines": [
                    27,
                    28
                  ],
                  "inline": true,
                  "attributes": {
                    "href": "https://www.datadoghq.com"
                  },
                  "children": [
                    {
                      "$$mdtype": "Node",
                      "errors": [],
                      "lines": [
                        27,
                        28
                      ],
                      "inline": true,
                      "attributes": {
                        "content": "link"
                      },
                      "children": [],
                      "type": "text",
                      "annotations": [],
                      "slots": {},
                      "location": {
                        "start": {
                          "line": 27
                        },
                        "end": {
                          "line": 28
                        }
                      }
                    }
                  ],
                  "type": "link",
                  "annotations": [],
                  "slots": {},
                  "location": {
                    "start": {
                      "line": 27
                    },
                    "end": {
                      "line": 28
                    }
                  }
                },
                {
                  "$$mdtype": "Node",
                  "errors": [],
                  "lines": [
                    27,
                    28
                  ],
                  "inline": true,
                  "attributes": {
                    "content": "."
                  },
                  "children": [],
                  "type": "text",
                  "annotations": [],
                  "slots": {},
                  "location": {
                    "start": {
                      "line": 27
                    },
                    "end": {
                      "line": 28
                    }
                  }
                }
              ],
              "type": "inline",
              "annotations": [],
              "slots": {},
              "location": {
                "start": {
                  "line": 27
                },
                "end": {
                  "line": 28
                }
              }
            }
          ],
          "type": "paragraph",
          "annotations": [],
          "slots": {},
          "location": {
            "start": {
              "line": 27
            },
            "end": {
              "line": 28
            }
          }
        },
        {
          "$$mdtype": "Node",
          "errors": [],
          "lines": [
            29,
            30
          ],
          "inline": false,
          "attributes": {},
          "children": [
            {
              "$$mdtype": "Node",
              "errors": [],
              "lines": [
                29,
                30
              ],
              "inline": false,
              "attributes": {},
              "children": [
                {
                  "$$mdtype": "Node",
                  "errors": [],
                  "lines": [
                    29,
                    30
                  ],
                  "inline": true,
                  "attributes": {
                    "content": "Some elements might look odd inside of alerts, because we've never used them in this context before. If needed, we can write additional CSS styles to support those elements."
                  },
                  "children": [],
                  "type": "text",
                  "annotations": [],
                  "slots": {},
                  "location": {
                    "start": {
                      "line": 29
                    },
                    "end": {
                      "line": 30
                    }
                  }
                }
              ],
              "type": "inline",
              "annotations": [],
              "slots": {},
              "location": {
                "start": {
                  "line": 29
                },
                "end": {
                  "line": 30
                }
              }
            }
          ],
          "type": "paragraph",
          "annotations": [],
          "slots": {},
          "location": {
            "start": {
              "line": 29
            },
            "end": {
              "line": 30
            }
          }
        }
      ],
      "type": "tag",
      "tag": "alert",
      "annotations": [
        {
          "type": "attribute",
          "name": "level",
          "value": "info"
        }
      ],
      "slots": {},
      "location": {
        "start": {
          "line": 26
        },
        "end": {
          "line": 27
        }
      }
    }
  ],
  "type": "document",
  "annotations": [],
  "slots": {}
}