[
  "Invalid placeholder: The placeholder <COLOUR> in the options source '<COLOUR>_item_options' refers to an unrecognized pref ID. The file frontmatter must contain a pref with the ID 'colour', and it must be defined before the pref with the ID item.",
]