{
  "$$mdtype": "Node",
  "errors": [],
  "lines": [],
  "inline": false,
  "attributes": {
    "frontmatter": "title: Image/Video"
  },
  "children": [
    {
      "$$mdtype": "Node",
      "errors": [],
      "lines": [
        4,
        5
      ],
      "inline": false,
      "attributes": {
        "level": 2
      },
      "children": [
        {
          "$$mdtype": "Node",
          "errors": [],
          "lines": [
            4,
            5
          ],
          "inline": false,
          "attributes": {},
          "children": [
            {
              "$$mdtype": "Node",
              "errors": [],
              "lines": [
                4,
                5
              ],
              "inline": true,
              "attributes": {
                "content": "Image"
              },
              "children": [],
              "type": "text",
              "annotations": [],
              "slots": {},
              "location": {
                "start": {
                  "line": 4
                },
                "end": {
                  "line": 5
                }
              }
            }
          ],
          "type": "inline",
          "annotations": [],
          "slots": {},
          "location": {
            "start": {
              "line": 4
            },
            "end": {
              "line": 5
            }
          }
        }
      ],
      "type": "heading",
      "annotations": [],
      "slots": {},
      "location": {
        "start": {
          "line": 4
        },
        "end": {
          "line": 5
        }
      }
    },
    {
      "$$mdtype": "Node",
      "errors": [],
      "lines": [
        6,
        7
      ],
      "inline": false,
      "attributes": {},
      "children": [
        {
          "$$mdtype": "Node",
          "errors": [],
          "lines": [
            6,
            7
          ],
          "inline": false,
          "attributes": {},
          "children": [
            {
              "$$mdtype": "Node",
              "errors": [],
              "lines": [
                6,
                7
              ],
              "inline": true,
              "attributes": {
                "content": "Lorem ipsum dolor sit amet. 33 earum tempore in aperiam voluptatem et reprehenderit distinctio eum consequatur debitis ea omnis voluptatem."
              },
              "children": [],
              "type": "text",
              "annotations": [],
              "slots": {},
              "location": {
                "start": {
                  "line": 6
                },
                "end": {
                  "line": 7
                }
              }
            }
          ],
          "type": "inline",
          "annotations": [],
          "slots": {},
          "location": {
            "start": {
              "line": 6
            },
            "end": {
              "line": 7
            }
          }
        }
      ],
      "type": "paragraph",
      "annotations": [],
      "slots": {},
      "location": {
        "start": {
          "line": 6
        },
        "end": {
          "line": 7
        }
      }
    },
    {
      "$$mdtype": "Node",
      "errors": [],
      "lines": [
        8,
        9
      ],
      "inline": false,
      "attributes": {},
      "children": [
        {
          "$$mdtype": "Node",
          "errors": [],
          "lines": [
            8,
            9
          ],
          "inline": false,
          "attributes": {},
          "children": [
            {
              "$$mdtype": "Node",
              "errors": [],
              "lines": [
                8,
                9
              ],
              "inline": true,
              "attributes": {
                "content": "Ex totam temporibus eum illo amet est libero voluptatibus?"
              },
              "children": [],
              "type": "text",
              "annotations": [],
              "slots": {},
              "location": {
                "start": {
                  "line": 8
                },
                "end": {
                  "line": 9
                }
              }
            }
          ],
          "type": "inline",
          "annotations": [],
          "slots": {},
          "location": {
            "start": {
              "line": 8
            },
            "end": {
              "line": 9
            }
          }
        }
      ],
      "type": "paragraph",
      "annotations": [],
      "slots": {},
      "location": {
        "start": {
          "line": 8
        },
        "end": {
          "line": 9
        }
      }
    },
    {
      "$$mdtype": "Node",
      "errors": [],
      "lines": [
        10,
        11
      ],
      "inline": false,
      "attributes": {
        "src": "account_management/api-key.png",
        "alt": "Navigate to the API Keys page for your organization in Datadog",
        "style": "width:80%;"
      },
      "children": [],
      "type": "tag",
      "tag": "img",
      "annotations": [
        {
          "type": "attribute",
          "name": "src",
          "value": "account_management/api-key.png"
        },
        {
          "type": "attribute",
          "name": "alt",
          "value": "Navigate to the API Keys page for your organization in Datadog"
        },
        {
          "type": "attribute",
          "name": "style",
          "value": "width:80%;"
        }
      ],
      "slots": {},
      "location": {
        "start": {
          "line": 10
        },
        "end": {
          "line": 11
        }
      }
    },
    {
      "$$mdtype": "Node",
      "errors": [],
      "lines": [
        12,
        13
      ],
      "inline": false,
      "attributes": {},
      "children": [
        {
          "$$mdtype": "Node",
          "errors": [],
          "lines": [
            12,
            13
          ],
          "inline": false,
          "attributes": {},
          "children": [
            {
              "$$mdtype": "Node",
              "errors": [],
              "lines": [
                12,
                13
              ],
              "inline": true,
              "attributes": {
                "content": "Aut quasi sunt aut repellat deleniti aut corrupti voluptatem 33 enim consequatur qui obcaecati quaerat eum sint obcaecati hic similique voluptas."
              },
              "children": [],
              "type": "text",
              "annotations": [],
              "slots": {},
              "location": {
                "start": {
                  "line": 12
                },
                "end": {
                  "line": 13
                }
              }
            }
          ],
          "type": "inline",
          "annotations": [],
          "slots": {},
          "location": {
            "start": {
              "line": 12
            },
            "end": {
              "line": 13
            }
          }
        }
      ],
      "type": "paragraph",
      "annotations": [],
      "slots": {},
      "location": {
        "start": {
          "line": 12
        },
        "end": {
          "line": 13
        }
      }
    },
    {
      "$$mdtype": "Node",
      "errors": [],
      "lines": [
        14,
        15
      ],
      "inline": false,
      "attributes": {
        "level": 2
      },
      "children": [
        {
          "$$mdtype": "Node",
          "errors": [],
          "lines": [
            14,
            15
          ],
          "inline": false,
          "attributes": {},
          "children": [
            {
              "$$mdtype": "Node",
              "errors": [],
              "lines": [
                14,
                15
              ],
              "inline": true,
              "attributes": {
                "content": "Video"
              },
              "children": [],
              "type": "text",
              "annotations": [],
              "slots": {},
              "location": {
                "start": {
                  "line": 14
                },
                "end": {
                  "line": 15
                }
              }
            }
          ],
          "type": "inline",
          "annotations": [],
          "slots": {},
          "location": {
            "start": {
              "line": 14
            },
            "end": {
              "line": 15
            }
          }
        }
      ],
      "type": "heading",
      "annotations": [],
      "slots": {},
      "location": {
        "start": {
          "line": 14
        },
        "end": {
          "line": 15
        }
      }
    },
    {
      "$$mdtype": "Node",
      "errors": [],
      "lines": [
        16,
        17
      ],
      "inline": false,
      "attributes": {},
      "children": [
        {
          "$$mdtype": "Node",
          "errors": [],
          "lines": [
            16,
            17
          ],
          "inline": false,
          "attributes": {},
          "children": [
            {
              "$$mdtype": "Node",
              "errors": [],
              "lines": [
                16,
                17
              ],
              "inline": true,
              "attributes": {
                "content": "Lorem ipsum dolor sit amet. 33 earum tempore in aperiam voluptatem et reprehenderit distinctio eum consequatur debitis ea omnis voluptatem."
              },
              "children": [],
              "type": "text",
              "annotations": [],
              "slots": {},
              "location": {
                "start": {
                  "line": 16
                },
                "end": {
                  "line": 17
                }
              }
            }
          ],
          "type": "inline",
          "annotations": [],
          "slots": {},
          "location": {
            "start": {
              "line": 16
            },
            "end": {
              "line": 17
            }
          }
        }
      ],
      "type": "paragraph",
      "annotations": [],
      "slots": {},
      "location": {
        "start": {
          "line": 16
        },
        "end": {
          "line": 17
        }
      }
    },
    {
      "$$mdtype": "Node",
      "errors": [],
      "lines": [
        18,
        19
      ],
      "inline": false,
      "attributes": {},
      "children": [
        {
          "$$mdtype": "Node",
          "errors": [],
          "lines": [
            18,
            19
          ],
          "inline": false,
          "attributes": {},
          "children": [
            {
              "$$mdtype": "Node",
              "errors": [],
              "lines": [
                18,
                19
              ],
              "inline": true,
              "attributes": {
                "content": "Ex totam temporibus eum illo amet est libero voluptatibus?"
              },
              "children": [],
              "type": "text",
              "annotations": [],
              "slots": {},
              "location": {
                "start": {
                  "line": 18
                },
                "end": {
                  "line": 19
                }
              }
            }
          ],
          "type": "inline",
          "annotations": [],
          "slots": {},
          "location": {
            "start": {
              "line": 18
            },
            "end": {
              "line": 19
            }
          }
        }
      ],
      "type": "paragraph",
      "annotations": [],
      "slots": {},
      "location": {
        "start": {
          "line": 18
        },
        "end": {
          "line": 19
        }
      }
    },
    {
      "$$mdtype": "Node",
      "errors": [],
      "lines": [
        20,
        21
      ],
      "inline": false,
      "attributes": {
        "src": "cloudcraft/advanced/find-id-using-api/share-with-team.mp4",
        "alt": "A quick video showing a Cloudcraft user selecting the Datadog and Cloudcraft teams from the Share & Export menu.",
        "video": "true"
      },
      "children": [],
      "type": "tag",
      "tag": "img",
      "annotations": [
        {
          "type": "attribute",
          "name": "src",
          "value": "cloudcraft/advanced/find-id-using-api/share-with-team.mp4"
        },
        {
          "type": "attribute",
          "name": "alt",
          "value": "A quick video showing a Cloudcraft user selecting the Datadog and Cloudcraft teams from the Share & Export menu."
        },
        {
          "type": "attribute",
          "name": "video",
          "value": "true"
        }
      ],
      "slots": {},
      "location": {
        "start": {
          "line": 20
        },
        "end": {
          "line": 21
        }
      }
    },
    {
      "$$mdtype": "Node",
      "errors": [],
      "lines": [
        22,
        23
      ],
      "inline": false,
      "attributes": {},
      "children": [
        {
          "$$mdtype": "Node",
          "errors": [],
          "lines": [
            22,
            23
          ],
          "inline": false,
          "attributes": {},
          "children": [
            {
              "$$mdtype": "Node",
              "errors": [],
              "lines": [
                22,
                23
              ],
              "inline": true,
              "attributes": {
                "content": "Aut quasi sunt aut repellat deleniti aut corrupti voluptatem 33 enim consequatur qui obcaecati quaerat eum sint obcaecati hic similique voluptas."
              },
              "children": [],
              "type": "text",
              "annotations": [],
              "slots": {},
              "location": {
                "start": {
                  "line": 22
                },
                "end": {
                  "line": 23
                }
              }
            }
          ],
          "type": "inline",
          "annotations": [],
          "slots": {},
          "location": {
            "start": {
              "line": 22
            },
            "end": {
              "line": 23
            }
          }
        }
      ],
      "type": "paragraph",
      "annotations": [],
      "slots": {},
      "location": {
        "start": {
          "line": 22
        },
        "end": {
          "line": 23
        }
      }
    }
  ],
  "type": "document",
  "annotations": [],
  "slots": {}
}