{
  "$$mdtype": "Tag",
  "name": "article",
  "attributes": {},
  "children": [
    {
      "$$mdtype": "Tag",
      "name": "h2",
      "attributes": {},
      "children": [
        "Image"
      ]
    },
    {
      "$$mdtype": "Tag",
      "name": "p",
      "attributes": {},
      "children": [
        "Lorem ipsum dolor sit amet. 33 earum tempore in aperiam voluptatem et reprehenderit distinctio eum consequatur debitis ea omnis voluptatem."
      ]
    },
    {
      "$$mdtype": "Tag",
      "name": "p",
      "attributes": {},
      "children": [
        "Ex totam temporibus eum illo amet est libero voluptatibus?"
      ]
    },
    {
      "$$mdtype": "Tag",
      "name": "Img",
      "attributes": {
        "src": "account_management/api-key.png",
        "alt": "Navigate to the API Keys page for your organization in Datadog",
        "style": "width:80%;"
      },
      "children": []
    },
    {
      "$$mdtype": "Tag",
      "name": "p",
      "attributes": {},
      "children": [
        "Aut quasi sunt aut repellat deleniti aut corrupti voluptatem 33 enim consequatur qui obcaecati quaerat eum sint obcaecati hic similique voluptas."
      ]
    },
    {
      "$$mdtype": "Tag",
      "name": "h2",
      "attributes": {},
      "children": [
        "Video"
      ]
    },
    {
      "$$mdtype": "Tag",
      "name": "p",
      "attributes": {},
      "children": [
        "Lorem ipsum dolor sit amet. 33 earum tempore in aperiam voluptatem et reprehenderit distinctio eum consequatur debitis ea omnis voluptatem."
      ]
    },
    {
      "$$mdtype": "Tag",
      "name": "p",
      "attributes": {},
      "children": [
        "Ex totam temporibus eum illo amet est libero voluptatibus?"
      ]
    },
    {
      "$$mdtype": "Tag",
      "name": "Img",
      "attributes": {
        "src": "cloudcraft/advanced/find-id-using-api/share-with-team.mp4",
        "alt": "A quick video showing a Cloudcraft user selecting the Datadog and Cloudcraft teams from the Share & Export menu.",
        "video": "true"
      },
      "children": []
    },
    {
      "$$mdtype": "Tag",
      "name": "p",
      "attributes": {},
      "children": [
        "Aut quasi sunt aut repellat deleniti aut corrupti voluptatem 33 enim consequatur qui obcaecati quaerat eum sint obcaecati hic similique voluptas."
      ]
    }
  ]
}