Invalid reference found in markup: colour is not a valid ID.