{
  "datadog_link.mdoc": {
    "$$mdtype": "Node",
    "errors": [],
    "lines": [],
    "inline": false,
    "attributes": {},
    "children": [
      {
        "$$mdtype": "Node",
        "errors": [],
        "lines": [
          0,
          1
        ],
        "inline": false,
        "attributes": {},
        "children": [
          {
            "$$mdtype": "Node",
            "errors": [],
            "lines": [
              0,
              1
            ],
            "inline": false,
            "attributes": {},
            "children": [
              {
                "$$mdtype": "Node",
                "errors": [],
                "lines": [
                  0,
                  1
                ],
                "inline": true,
                "attributes": {
                  "content": "This content is in a partial. It includes a link to "
                },
                "children": [],
                "type": "text",
                "annotations": [],
                "slots": {},
                "location": {
                  "start": {
                    "line": 0
                  },
                  "end": {
                    "line": 1
                  }
                }
              },
              {
                "$$mdtype": "Node",
                "errors": [],
                "lines": [
                  0,
                  1
                ],
                "inline": true,
                "attributes": {
                  "href": "https://www.datadoghq.com"
                },
                "children": [
                  {
                    "$$mdtype": "Node",
                    "errors": [],
                    "lines": [
                      0,
                      1
                    ],
                    "inline": true,
                    "attributes": {
                      "content": "Datadog"
                    },
                    "children": [],
                    "type": "text",
                    "annotations": [],
                    "slots": {},
                    "location": {
                      "start": {
                        "line": 0
                      },
                      "end": {
                        "line": 1
                      }
                    }
                  }
                ],
                "type": "link",
                "annotations": [],
                "slots": {},
                "location": {
                  "start": {
                    "line": 0
                  },
                  "end": {
                    "line": 1
                  }
                }
              },
              {
                "$$mdtype": "Node",
                "errors": [],
                "lines": [
                  0,
                  1
                ],
                "inline": true,
                "attributes": {
                  "content": "."
                },
                "children": [],
                "type": "text",
                "annotations": [],
                "slots": {},
                "location": {
                  "start": {
                    "line": 0
                  },
                  "end": {
                    "line": 1
                  }
                }
              }
            ],
            "type": "inline",
            "annotations": [],
            "slots": {},
            "location": {
              "start": {
                "line": 0
              },
              "end": {
                "line": 1
              }
            }
          }
        ],
        "type": "paragraph",
        "annotations": [],
        "slots": {},
        "location": {
          "start": {
            "line": 0
          },
          "end": {
            "line": 1
          }
        }
      }
    ],
    "type": "document",
    "annotations": [],
    "slots": {}
  },
  "google_link.mdoc": {
    "$$mdtype": "Node",
    "errors": [],
    "lines": [],
    "inline": false,
    "attributes": {},
    "children": [
      {
        "$$mdtype": "Node",
        "errors": [],
        "lines": [
          0,
          1
        ],
        "inline": false,
        "attributes": {},
        "children": [
          {
            "$$mdtype": "Node",
            "errors": [],
            "lines": [
              0,
              1
            ],
            "inline": false,
            "attributes": {},
            "children": [
              {
                "$$mdtype": "Node",
                "errors": [],
                "lines": [
                  0,
                  1
                ],
                "inline": true,
                "attributes": {
                  "content": "This content is in a partial. It includes a link to "
                },
                "children": [],
                "type": "text",
                "annotations": [],
                "slots": {},
                "location": {
                  "start": {
                    "line": 0
                  },
                  "end": {
                    "line": 1
                  }
                }
              },
              {
                "$$mdtype": "Node",
                "errors": [],
                "lines": [
                  0,
                  1
                ],
                "inline": true,
                "attributes": {
                  "href": "https://www.google.com"
                },
                "children": [
                  {
                    "$$mdtype": "Node",
                    "errors": [],
                    "lines": [
                      0,
                      1
                    ],
                    "inline": true,
                    "attributes": {
                      "content": "Google"
                    },
                    "children": [],
                    "type": "text",
                    "annotations": [],
                    "slots": {},
                    "location": {
                      "start": {
                        "line": 0
                      },
                      "end": {
                        "line": 1
                      }
                    }
                  }
                ],
                "type": "link",
                "annotations": [],
                "slots": {},
                "location": {
                  "start": {
                    "line": 0
                  },
                  "end": {
                    "line": 1
                  }
                }
              },
              {
                "$$mdtype": "Node",
                "errors": [],
                "lines": [
                  0,
                  1
                ],
                "inline": true,
                "attributes": {
                  "content": "."
                },
                "children": [],
                "type": "text",
                "annotations": [],
                "slots": {},
                "location": {
                  "start": {
                    "line": 0
                  },
                  "end": {
                    "line": 1
                  }
                }
              }
            ],
            "type": "inline",
            "annotations": [],
            "slots": {},
            "location": {
              "start": {
                "line": 0
              },
              "end": {
                "line": 1
              }
            }
          }
        ],
        "type": "paragraph",
        "annotations": [],
        "slots": {},
        "location": {
          "start": {
            "line": 0
          },
          "end": {
            "line": 1
          }
        }
      }
    ],
    "type": "document",
    "annotations": [],
    "slots": {}
  }
}