{
  "$$mdtype": "Tag",
  "name": "article",
  "attributes": {},
  "children": [
    {
      "$$mdtype": "Tag",
      "name": "p",
      "attributes": {},
      "children": [
        "This test page explores everyday items that are green, yellow, or red -- which also happen to be the colors of the common traffic light. If this seems contrived and odd, that's only because test pages are often both of those things."
      ]
    },
    {
      "$$mdtype": "Tag",
      "name": "h2",
      "attributes": {},
      "children": [
        {
          "$$mdtype": "Variable",
          "path": [
            "item"
          ],
          "value": "grass"
        },
        ": Your ",
        {
          "$$mdtype": "Variable",
          "path": [
            "color"
          ],
          "value": "green"
        },
        " item of choice"
      ]
    },
    {
      "$$mdtype": "Tag",
      "name": "div",
      "if": {
        "$$mdtype": "Function",
        "name": "equals",
        "value": true,
        "parameters": {
          "0": {
            "$$mdtype": "Variable",
            "path": [
              "color"
            ],
            "value": "green"
          },
          "1": "green"
        }
      },
      "attributes": {
        "display": "true"
      },
      "children": [
        {
          "$$mdtype": "Tag",
          "name": "div",
          "if": {
            "$$mdtype": "Function",
            "name": "equals",
            "value": true,
            "parameters": {
              "0": {
                "$$mdtype": "Variable",
                "path": [
                  "item"
                ],
                "value": "grass"
              },
              "1": "grass"
            }
          },
          "attributes": {
            "display": "true"
          },
          "children": [
            {
              "$$mdtype": "Tag",
              "name": "p",
              "attributes": {},
              "children": [
                "Grass is a very common lawn plant. Alternatives to grass include clover and moss."
              ]
            }
          ]
        },
        {
          "$$mdtype": "Tag",
          "name": "div",
          "if": {
            "$$mdtype": "Function",
            "name": "equals",
            "value": false,
            "parameters": {
              "0": {
                "$$mdtype": "Variable",
                "path": [
                  "item"
                ],
                "value": "grass"
              },
              "1": "emerald"
            }
          },
          "attributes": {
            "display": "false"
          },
          "children": [
            {
              "$$mdtype": "Tag",
              "name": "p",
              "attributes": {},
              "children": [
                "Emeralds are a type of gemstone. They're not known for being very durable."
              ]
            }
          ]
        },
        {
          "$$mdtype": "Tag",
          "name": "div",
          "if": {
            "$$mdtype": "Function",
            "name": "equals",
            "value": false,
            "parameters": {
              "0": {
                "$$mdtype": "Variable",
                "path": [
                  "item"
                ],
                "value": "grass"
              },
              "1": "lime"
            }
          },
          "attributes": {
            "display": "false"
          },
          "children": [
            {
              "$$mdtype": "Tag",
              "name": "p",
              "attributes": {},
              "children": [
                "Limes are a type of citrus fruit. They're often used in drinks and cooking."
              ]
            }
          ]
        },
        {
          "$$mdtype": "Tag",
          "name": "div",
          "if": {
            "$$mdtype": "Function",
            "name": "equals",
            "value": false,
            "parameters": {
              "0": {
                "$$mdtype": "Variable",
                "path": [
                  "item"
                ],
                "value": "grass"
              },
              "1": "frog"
            }
          },
          "attributes": {
            "display": "false"
          },
          "children": [
            {
              "$$mdtype": "Tag",
              "name": "p",
              "attributes": {},
              "children": [
                "Frogs are amphibians. They're known for their jumping abilities."
              ]
            }
          ]
        }
      ]
    },
    {
      "$$mdtype": "Tag",
      "name": "div",
      "if": {
        "$$mdtype": "Function",
        "name": "equals",
        "value": false,
        "parameters": {
          "0": {
            "$$mdtype": "Variable",
            "path": [
              "color"
            ],
            "value": "green"
          },
          "1": "yellow"
        }
      },
      "attributes": {
        "display": "false"
      },
      "children": [
        {
          "$$mdtype": "Tag",
          "name": "div",
          "if": {
            "$$mdtype": "Function",
            "name": "equals",
            "value": false,
            "parameters": {
              "0": {
                "$$mdtype": "Variable",
                "path": [
                  "item"
                ],
                "value": "grass"
              },
              "1": "banana"
            }
          },
          "attributes": {
            "display": "false"
          },
          "children": [
            {
              "$$mdtype": "Tag",
              "name": "p",
              "attributes": {},
              "children": [
                "Bananas are a type of fruit. They're often eaten raw or used in baking."
              ]
            }
          ]
        },
        {
          "$$mdtype": "Tag",
          "name": "div",
          "if": {
            "$$mdtype": "Function",
            "name": "equals",
            "value": false,
            "parameters": {
              "0": {
                "$$mdtype": "Variable",
                "path": [
                  "item"
                ],
                "value": "grass"
              },
              "1": "sunflower"
            }
          },
          "attributes": {
            "display": "false"
          },
          "children": [
            {
              "$$mdtype": "Tag",
              "name": "p",
              "attributes": {},
              "children": [
                "Sunflowers are a type of flower. They're known for their large, yellow petals."
              ]
            }
          ]
        },
        {
          "$$mdtype": "Tag",
          "name": "div",
          "if": {
            "$$mdtype": "Function",
            "name": "equals",
            "value": false,
            "parameters": {
              "0": {
                "$$mdtype": "Variable",
                "path": [
                  "item"
                ],
                "value": "grass"
              },
              "1": "lemon"
            }
          },
          "attributes": {
            "display": "false"
          },
          "children": [
            {
              "$$mdtype": "Tag",
              "name": "p",
              "attributes": {},
              "children": [
                "Lemons are a type of citrus fruit. They're often used in drinks and cooking."
              ]
            }
          ]
        },
        {
          "$$mdtype": "Tag",
          "name": "div",
          "if": {
            "$$mdtype": "Function",
            "name": "equals",
            "value": false,
            "parameters": {
              "0": {
                "$$mdtype": "Variable",
                "path": [
                  "item"
                ],
                "value": "grass"
              },
              "1": "school_bus"
            }
          },
          "attributes": {
            "display": "false"
          },
          "children": [
            {
              "$$mdtype": "Tag",
              "name": "p",
              "attributes": {},
              "children": [
                "School buses are a type of vehicle. They're often used to transport students to and from school."
              ]
            }
          ]
        }
      ]
    },
    {
      "$$mdtype": "Tag",
      "name": "div",
      "if": {
        "$$mdtype": "Function",
        "name": "equals",
        "value": false,
        "parameters": {
          "0": {
            "$$mdtype": "Variable",
            "path": [
              "color"
            ],
            "value": "green"
          },
          "1": "red"
        }
      },
      "attributes": {
        "display": "false"
      },
      "children": [
        {
          "$$mdtype": "Tag",
          "name": "div",
          "if": {
            "$$mdtype": "Function",
            "name": "equals",
            "value": false,
            "parameters": {
              "0": {
                "$$mdtype": "Variable",
                "path": [
                  "item"
                ],
                "value": "grass"
              },
              "1": "ruby"
            }
          },
          "attributes": {
            "display": "false"
          },
          "children": [
            {
              "$$mdtype": "Tag",
              "name": "p",
              "attributes": {},
              "children": [
                "Rubies are a type of gemstone. They're known for their deep red color."
              ]
            }
          ]
        },
        {
          "$$mdtype": "Tag",
          "name": "div",
          "if": {
            "$$mdtype": "Function",
            "name": "equals",
            "value": false,
            "parameters": {
              "0": {
                "$$mdtype": "Variable",
                "path": [
                  "item"
                ],
                "value": "grass"
              },
              "1": "apple"
            }
          },
          "attributes": {
            "display": "false"
          },
          "children": [
            {
              "$$mdtype": "Tag",
              "name": "p",
              "attributes": {},
              "children": [
                "Apples are a type of fruit. They're often eaten raw or used in baking."
              ]
            }
          ]
        },
        {
          "$$mdtype": "Tag",
          "name": "div",
          "if": {
            "$$mdtype": "Function",
            "name": "equals",
            "value": false,
            "parameters": {
              "0": {
                "$$mdtype": "Variable",
                "path": [
                  "item"
                ],
                "value": "grass"
              },
              "1": "firetruck"
            }
          },
          "attributes": {
            "display": "false"
          },
          "children": [
            {
              "$$mdtype": "Tag",
              "name": "p",
              "attributes": {},
              "children": [
                "Firetrucks are a type of vehicle. They're often used to transport firefighters and equipment to emergency situations."
              ]
            }
          ]
        },
        {
          "$$mdtype": "Tag",
          "name": "div",
          "if": {
            "$$mdtype": "Function",
            "name": "equals",
            "value": false,
            "parameters": {
              "0": {
                "$$mdtype": "Variable",
                "path": [
                  "item"
                ],
                "value": "grass"
              },
              "1": "stop_sign"
            }
          },
          "attributes": {
            "display": "false"
          },
          "children": [
            {
              "$$mdtype": "Tag",
              "name": "p",
              "attributes": {},
              "children": [
                "Stop signs are a type of traffic sign. They're used to indicate that drivers should stop their vehicles."
              ]
            }
          ]
        }
      ]
    }
  ]
}