[
  {
    "code": "invalid_type",
    "expected": "string",
    "received": "undefined",
    "path": [
      "primary_color_options",
      2,
      "display_name"
    ],
    "message": "Required"
  }
]