<script>
  function handleValueChange(varName, newValue) {
    console.log("handleValueChange called");
    console.log("varName:", varName);
    console.log("newValue:", newValue);
  }
</script>
<style>
  .option-pill {
    display: inline-block;
    padding: 0.5em;
    margin-right: 0.5em;
    margin-bottom: 10px;
    border: 1px solid lightgray;
    cursor: pointer;
  }
  .option-pill.selected {
    background-color: lightblue;
  }
  .markdoc__hidden {
    background-color: lightgray;
  }
</style>
<div>
  <div>Color</div>
  <div>
    <div>
      <div class="option-pill" onclick="handleValueChange('color', 'red')">
        Red
      </div>
      <div class="option-pill" onclick="handleValueChange('color', 'yellow')">
        Yellow
      </div>
      <div
        class="option-pill selected"
        onclick="handleValueChange('color', 'green')"
      >
        Green
      </div>
    </div>
  </div>
  <div>Item</div>
  <div>
    <div>
      <div
        class="option-pill selected"
        onclick="handleValueChange('item', 'grass')"
      >
        Grass
      </div>
      <div class="option-pill" onclick="handleValueChange('item', 'emerald')">
        Emerald
      </div>
      <div class="option-pill" onclick="handleValueChange('item', 'lime')">
        Lime
      </div>
      <div class="option-pill" onclick="handleValueChange('item', 'frog')">
        Frog
      </div>
    </div>
  </div>
</div>
<hr />
<article>
  <p>
    This test page explores everyday items that are green, yellow, or red --
    which also happen to be the colors of the common traffic light. If this
    seems contrived and odd, that's only because test pages are often both of
    those things.
  </p>
  <h2>grass: Your green item of choice</h2>
  <div>
    <div>
      <p>
        Grass is a very common lawn plant. Alternatives to grass include clover
        and moss.
      </p>
    </div>
    <div class="markdoc__hidden">
      <p>
        Emeralds are a type of gemstone. They're not known for being very
        durable.
      </p>
    </div>
    <div class="markdoc__hidden">
      <p>
        Limes are a type of citrus fruit. They're often used in drinks and
        cooking.
      </p>
    </div>
    <div class="markdoc__hidden">
      <p>Frogs are amphibians. They're known for their jumping abilities.</p>
    </div>
  </div>
  <div class="markdoc__hidden">
    <div class="markdoc__hidden">
      <p>
        Bananas are a type of fruit. They're often eaten raw or used in baking.
      </p>
    </div>
    <div class="markdoc__hidden">
      <p>
        Sunflowers are a type of flower. They're known for their large, yellow
        petals.
      </p>
    </div>
    <div class="markdoc__hidden">
      <p>
        Lemons are a type of citrus fruit. They're often used in drinks and
        cooking.
      </p>
    </div>
    <div class="markdoc__hidden">
      <p>
        School buses are a type of vehicle. They're often used to transport
        students to and from school.
      </p>
    </div>
  </div>
  <div class="markdoc__hidden">
    <div class="markdoc__hidden">
      <p>
        Rubies are a type of gemstone. They're known for their deep red color.
      </p>
    </div>
    <div class="markdoc__hidden">
      <p>
        Apples are a type of fruit. They're often eaten raw or used in baking.
      </p>
    </div>
    <div class="markdoc__hidden">
      <p>
        Firetrucks are a type of vehicle. They're often used to transport
        firefighters and equipment to emergency situations.
      </p>
    </div>
    <div class="markdoc__hidden">
      <p>
        Stop signs are a type of traffic sign. They're used to indicate that
        drivers should stop their vehicles.
      </p>
    </div>
  </div>
</article>
