{
  "$$mdtype": "Node",
  "errors": [],
  "lines": [],
  "inline": false,
  "attributes": {
    "frontmatter": "title: Missing Closing Tag"
  },
  "children": [
    {
      "$$mdtype": "Node",
      "errors": [],
      "lines": [
        4,
        5
      ],
      "inline": false,
      "attributes": {},
      "children": [
        {
          "$$mdtype": "Node",
          "errors": [],
          "lines": [
            4,
            5
          ],
          "inline": false,
          "attributes": {},
          "children": [
            {
              "$$mdtype": "Node",
              "errors": [],
              "lines": [
                4,
                5
              ],
              "inline": true,
              "attributes": {
                "content": "This is a test file with a missing closing tag on the if block."
              },
              "children": [],
              "type": "text",
              "annotations": [],
              "slots": {},
              "location": {
                "start": {
                  "line": 4
                },
                "end": {
                  "line": 5
                }
              }
            }
          ],
          "type": "inline",
          "annotations": [],
          "slots": {},
          "location": {
            "start": {
              "line": 4
            },
            "end": {
              "line": 5
            }
          }
        }
      ],
      "type": "paragraph",
      "annotations": [],
      "slots": {},
      "location": {
        "start": {
          "line": 4
        },
        "end": {
          "line": 5
        }
      }
    },
    {
      "$$mdtype": "Node",
      "errors": [
        {
          "id": "missing-closing",
          "level": "critical",
          "message": "Node 'if' is missing closing"
        }
      ],
      "lines": [
        6,
        7
      ],
      "inline": false,
      "attributes": {
        "primary": {
          "$$mdtype": "Variable",
          "path": [
            "notActuallyDefined"
          ]
        }
      },
      "children": [
        {
          "$$mdtype": "Node",
          "errors": [],
          "lines": [
            7,
            8
          ],
          "inline": false,
          "attributes": {},
          "children": [
            {
              "$$mdtype": "Node",
              "errors": [],
              "lines": [
                7,
                8
              ],
              "inline": false,
              "attributes": {},
              "children": [
                {
                  "$$mdtype": "Node",
                  "errors": [],
                  "lines": [
                    7,
                    8
                  ],
                  "inline": true,
                  "attributes": {
                    "content": "Do something here!"
                  },
                  "children": [],
                  "type": "text",
                  "annotations": [],
                  "slots": {},
                  "location": {
                    "start": {
                      "line": 7
                    },
                    "end": {
                      "line": 8
                    }
                  }
                }
              ],
              "type": "inline",
              "annotations": [],
              "slots": {},
              "location": {
                "start": {
                  "line": 7
                },
                "end": {
                  "line": 8
                }
              }
            }
          ],
          "type": "paragraph",
          "annotations": [],
          "slots": {},
          "location": {
            "start": {
              "line": 7
            },
            "end": {
              "line": 8
            }
          }
        },
        {
          "$$mdtype": "Node",
          "errors": [],
          "lines": [
            8,
            9
          ],
          "inline": false,
          "attributes": {
            "content": "malformed closing tag"
          },
          "children": [],
          "type": "comment",
          "annotations": [],
          "slots": {},
          "location": {
            "start": {
              "line": 8
            },
            "end": {
              "line": 9
            }
          }
        },
        {
          "$$mdtype": "Node",
          "errors": [
            {
              "id": "missing-closing",
              "level": "critical",
              "message": "Node 'if' is missing closing"
            }
          ],
          "lines": [
            9,
            10
          ],
          "inline": false,
          "attributes": {},
          "children": [],
          "type": "tag",
          "tag": "if",
          "annotations": [],
          "slots": {},
          "location": {
            "start": {
              "line": 9
            },
            "end": {
              "line": 10
            }
          }
        }
      ],
      "type": "tag",
      "tag": "if",
      "annotations": [
        {
          "type": "attribute",
          "name": "primary",
          "value": {
            "$$mdtype": "Variable",
            "path": [
              "notActuallyDefined"
            ]
          }
        }
      ],
      "slots": {},
      "location": {
        "start": {
          "line": 6
        },
        "end": {
          "line": 7
        }
      }
    }
  ],
  "type": "document",
  "annotations": [],
  "slots": {}
}